Component: ARM Compiler 5.05 update 1 (build 106) Tool: armlink [4d0efa]

==============================================================================

Section Cross References

    main.o(.text) refers to _printf_percent.o(.ARM.Collect$$_printf_percent$$00000000) for _printf_percent
    main.o(.text) refers to _printf_d.o(.ARM.Collect$$_printf_percent$$00000009) for _printf_d
    main.o(.text) refers to _printf_dec.o(.text) for _printf_int_dec
    main.o(.text) refers to lcd.o(.text) for LCD_Fill
    main.o(.text) refers to noretval__2sprintf.o(.text) for __2sprintf
    main.o(.text) refers to lan8720.o(.text) for LAN8720_Get_Speed
    main.o(.text) refers to delay.o(.text) for delay_init
    main.o(.text) refers to misc.o(.text) for NVIC_PriorityGroupConfig
    main.o(.text) refers to usart.o(.text) for uart_init
    main.o(.text) refers to led.o(.text) for LED_Init
    main.o(.text) refers to key.o(.text) for KEY_Init
    main.o(.text) refers to sram.o(.text) for FSMC_SRAM_Init
    main.o(.text) refers to beep.o(.text) for BEEP_Init
    main.o(.text) refers to rtc.o(.text) for My_RTC_Init
    main.o(.text) refers to adc.o(.text) for Adc_Init
    main.o(.text) refers to temperature.o(.text) for Adc_Temperate_Init
    main.o(.text) refers to timer.o(.text) for TIM3_Int_Init
    main.o(.text) refers to malloc.o(.text) for mymem_init
    main.o(.text) refers to lwip_comm.o(.text) for lwip_comm_init
    main.o(.text) refers to httpd.o(.text) for httpd_init
    main.o(.text) refers to tcp_server_demo.o(.text) for tcp_server_test
    main.o(.text) refers to tcp_client_demo.o(.text) for tcp_client_test
    main.o(.text) refers to udp_demo.o(.text) for udp_demo_test
    main.o(.text) refers to lcd.o(.data) for POINT_COLOR
    main.o(.text) refers to lcd.o(.bss) for lcddev
    main.o(.text) refers to lwip_comm.o(.bss) for lwipdev
    main.o(.text) refers to usmart_config.o(.data) for usmart_dev
    system_stm32f4xx.o(.text) refers to system_stm32f4xx.o(.data) for .data
    key.o(.text) refers to stm32f4xx_rcc.o(.text) for RCC_AHB1PeriphClockCmd
    key.o(.text) refers to stm32f4xx_gpio.o(.text) for GPIO_Init
    key.o(.text) refers to delay.o(.text) for delay_ms
    key.o(.text) refers to key.o(.data) for .data
    led.o(.text) refers to stm32f4xx_rcc.o(.text) for RCC_AHB1PeriphClockCmd
    led.o(.text) refers to stm32f4xx_gpio.o(.text) for GPIO_Init
    timer.o(.text) refers to stm32f4xx_rcc.o(.text) for RCC_APB1PeriphClockCmd
    timer.o(.text) refers to stm32f4xx_tim.o(.text) for TIM_TimeBaseInit
    timer.o(.text) refers to misc.o(.text) for NVIC_Init
    timer.o(.text) refers to lwip_comm.o(.data) for lwip_localtime
    lcd.o(.text) refers to _printf_percent.o(.ARM.Collect$$_printf_percent$$00000000) for _printf_percent
    lcd.o(.text) refers to _printf_x.o(.ARM.Collect$$_printf_percent$$0000000C) for _printf_x
    lcd.o(.text) refers to _printf_hex_int.o(.text) for _printf_longlong_hex
    lcd.o(.text) refers to delay.o(.text) for delay_us
    lcd.o(.text) refers to lcd.o(.bss) for .bss
    lcd.o(.text) refers to dflt_clz.o(x$fpl$dfltu) for __aeabi_ui2d
    lcd.o(.text) refers to dmul.o(x$fpl$dmul) for __aeabi_dmul
    lcd.o(.text) refers to dfixu.o(x$fpl$dfixu) for __aeabi_d2uiz
    lcd.o(.text) refers to lcd.o(.data) for .data
    lcd.o(.text) refers to stm32f4xx_rcc.o(.text) for RCC_AHB1PeriphClockCmd
    lcd.o(.text) refers to stm32f4xx_gpio.o(.text) for GPIO_Init
    lcd.o(.text) refers to stm32f4xx_fsmc.o(.text) for FSMC_NORSRAMInit
    lcd.o(.text) refers to noretval__2printf.o(.text) for __2printf
    lcd.o(.text) refers to lcd.o(.constdata) for .constdata
    lan8720.o(.text) refers to stm32f4xx_rcc.o(.text) for RCC_AHB1PeriphClockCmd
    lan8720.o(.text) refers to stm32f4x7_eth.o(.text) for ETH_DeInit
    lan8720.o(.text) refers to stm32f4xx_syscfg.o(.text) for SYSCFG_ETH_MediaInterfaceConfig
    lan8720.o(.text) refers to stm32f4xx_gpio.o(.text) for GPIO_Init
    lan8720.o(.text) refers to delay.o(.text) for delay_ms
    lan8720.o(.text) refers to misc.o(.text) for NVIC_Init
    lan8720.o(.text) refers to lwip_comm.o(.text) for lwip_pkt_handle
    lan8720.o(.text) refers to malloc.o(.text) for myfree
    lan8720.o(.text) refers to stm32f4x7_eth.o(.data) for DMARxDescToGet
    lan8720.o(.text) refers to lan8720.o(.data) for .data
    sram.o(.text) refers to stm32f4xx_rcc.o(.text) for RCC_AHB1PeriphClockCmd
    sram.o(.text) refers to stm32f4xx_gpio.o(.text) for GPIO_Init
    sram.o(.text) refers to stm32f4xx_fsmc.o(.text) for FSMC_NORSRAMInit
    adc.o(.text) refers to stm32f4xx_rcc.o(.text) for RCC_APB2PeriphClockCmd
    adc.o(.text) refers to stm32f4xx_gpio.o(.text) for GPIO_Init
    adc.o(.text) refers to stm32f4xx_adc.o(.text) for ADC_CommonInit
    adc.o(.text) refers to delay.o(.text) for delay_ms
    beep.o(.text) refers to stm32f4xx_rcc.o(.text) for RCC_AHB1PeriphClockCmd
    beep.o(.text) refers to stm32f4xx_gpio.o(.text) for GPIO_Init
[...]
    ETH_DMATxDescBufferSizeConfig            0x08007689   Thumb Code    12  stm32f4x7_eth.o(.text)
    ETH_GetDMARxDescFlagStatus               0x08007695   Thumb Code    14  stm32f4x7_eth.o(.text)
    ETH_GetDMAPTPRxDescExtendedFlagStatus    0x080076a3   Thumb Code    14  stm32f4x7_eth.o(.text)
    ETH_SetDMARxDescOwnBit                   0x080076b1   Thumb Code    10  stm32f4x7_eth.o(.text)
    ETH_GetDMARxDescFrameLength              0x080076bb   Thumb Code     8  stm32f4x7_eth.o(.text)
    ETH_DMARxDescReceiveITConfig             0x080076c3   Thumb Code    18  stm32f4x7_eth.o(.text)
    ETH_GetDMARxDescBufferSize               0x080076d5   Thumb Code    16  stm32f4x7_eth.o(.text)
    ETH_GetRxPktSize                         0x080076e5   Thumb Code    30  stm32f4x7_eth.o(.text)
    ETH_EnhancedDescriptorCmd                0x08007703   Thumb Code    22  stm32f4x7_eth.o(.text)
    ETH_SoftwareReset                        0x08007719   Thumb Code    12  stm32f4x7_eth.o(.text)
    ETH_GetSoftwareResetStatus               0x08007725   Thumb Code    14  stm32f4x7_eth.o(.text)
    ETH_GetDMAFlagStatus                     0x08007733   Thumb Code    16  stm32f4x7_eth.o(.text)
    ETH_DMAClearFlag                         0x08007743   Thumb Code     6  stm32f4x7_eth.o(.text)
    ETH_DMAITConfig                          0x08007749   Thumb Code    18  stm32f4x7_eth.o(.text)
    ETH_GetDMAITStatus                       0x0800775b   Thumb Code    16  stm32f4x7_eth.o(.text)
    ETH_DMAClearITPendingBit                 0x0800776b   Thumb Code     6  stm32f4x7_eth.o(.text)
    ETH_GetTransmitProcessState              0x08007771   Thumb Code    10  stm32f4x7_eth.o(.text)
    ETH_GetReceiveProcessState               0x0800777b   Thumb Code    10  stm32f4x7_eth.o(.text)
    ETH_GetFlushTransmitFIFOStatus           0x08007785   Thumb Code    32  stm32f4x7_eth.o(.text)
    ETH_GetDMAOverflowStatus                 0x080077a5   Thumb Code    16  stm32f4x7_eth.o(.text)
    ETH_GetRxOverflowMissedFrameCounter      0x080077b5   Thumb Code    10  stm32f4x7_eth.o(.text)
    ETH_GetBufferUnavailableMissedFrameCounter 0x080077bf   Thumb Code     8  stm32f4x7_eth.o(.text)
    ETH_GetCurrentTxDescStartAddress         0x080077c7   Thumb Code     6  stm32f4x7_eth.o(.text)
    ETH_GetCurrentRxDescStartAddress         0x080077cd   Thumb Code     6  stm32f4x7_eth.o(.text)
    ETH_GetCurrentTxBufferAddress            0x080077d3   Thumb Code     6  stm32f4x7_eth.o(.text)
    ETH_GetCurrentRxBufferAddress            0x080077d9   Thumb Code     6  stm32f4x7_eth.o(.text)
    ETH_ResumeDMATransmission                0x080077df   Thumb Code     8  stm32f4x7_eth.o(.text)
    ETH_ResumeDMAReception                   0x080077e7   Thumb Code     8  stm32f4x7_eth.o(.text)
    ETH_SetReceiveWatchdogTimer              0x080077ef   Thumb Code     6  stm32f4x7_eth.o(.text)
    ETH_PHYLoopBackCmd                       0x080077f5   Thumb Code    40  stm32f4x7_eth.o(.text)
    ETH_ResetWakeUpFrameFilterRegisterPointer 0x0800781d   Thumb Code    12  stm32f4x7_eth.o(.text)
    ETH_SetWakeUpFrameFilterRegister         0x08007829   Thumb Code    18  stm32f4x7_eth.o(.text)
    ETH_GlobalUnicastWakeUpCmd               0x0800783b   Thumb Code    22  stm32f4x7_eth.o(.text)
    ETH_GetPMTFlagStatus                     0x08007851   Thumb Code    16  stm32f4x7_eth.o(.text)
    ETH_WakeUpFrameDetectionCmd              0x08007861   Thumb Code    22  stm32f4x7_eth.o(.text)
    ETH_MagicPacketDetectionCmd              0x08007877   Thumb Code    22  stm32f4x7_eth.o(.text)
    ETH_PowerDownCmd                         0x0800788d   Thumb Code    22  stm32f4x7_eth.o(.text)
    ETH_MMCCounterFullPreset                 0x080078a3   Thumb Code    16  stm32f4x7_eth.o(.text)
    ETH_MMCCounterHalfPreset                 0x080078b3   Thumb Code    28  stm32f4x7_eth.o(.text)
    ETH_MMCCounterFreezeCmd                  0x080078cf   Thumb Code    26  stm32f4x7_eth.o(.text)
    ETH_MMCResetOnReadCmd                    0x080078e9   Thumb Code    26  stm32f4x7_eth.o(.text)
    ETH_MMCCounterRolloverCmd                0x08007903   Thumb Code    26  stm32f4x7_eth.o(.text)
    ETH_MMCCountersReset                     0x0800791d   Thumb Code    16  stm32f4x7_eth.o(.text)
    ETH_MMCITConfig                          0x0800792d   Thumb Code    50  stm32f4x7_eth.o(.text)
    ETH_GetMMCITStatus                       0x0800795f   Thumb Code    36  stm32f4x7_eth.o(.text)
    ETH_GetMMCRegister                       0x08007983   Thumb Code     6  stm32f4x7_eth.o(.text)
    ADC_DeInit                               0x080079a5   Thumb Code    24  stm32f4xx_adc.o(.text)
    ADC_Init                                 0x080079bd   Thumb Code    66  stm32f4xx_adc.o(.text)
    ADC_StructInit                           0x080079ff   Thumb Code    20  stm32f4xx_adc.o(.text)
    ADC_CommonInit                           0x08007a13   Thumb Code    34  stm32f4xx_adc.o(.text)
    ADC_CommonStructInit                     0x08007a35   Thumb Code    12  stm32f4xx_adc.o(.text)
    ADC_Cmd                                  0x08007a41   Thumb Code    20  stm32f4xx_adc.o(.text)
    ADC_AnalogWatchdogCmd                    0x08007a55   Thumb Code    12  stm32f4xx_adc.o(.text)
    ADC_AnalogWatchdogThresholdsConfig       0x08007a61   Thumb Code     6  stm32f4xx_adc.o(.text)
    ADC_AnalogWatchdogSingleChannelConfig    0x08007a67   Thumb Code    12  stm32f4xx_adc.o(.text)
    ADC_TempSensorVrefintCmd                 0x08007a73   Thumb Code    26  stm32f4xx_adc.o(.text)
    ADC_VBATCmd                              0x08007a8d   Thumb Code    26  stm32f4xx_adc.o(.text)
    ADC_RegularChannelConfig                 0x08007aa7   Thumb Code   116  stm32f4xx_adc.o(.text)
    ADC_SoftwareStartConv                    0x08007b1b   Thumb Code    10  stm32f4xx_adc.o(.text)
    ADC_GetSoftwareStartConvStatus           0x08007b25   Thumb Code    14  stm32f4xx_adc.o(.text)
    ADC_EOCOnEachRegularChannelCmd           0x08007b33   Thumb Code    20  stm32f4xx_adc.o(.text)
    ADC_ContinuousModeCmd                    0x08007b47   Thumb Code    20  stm32f4xx_adc.o(.text)
    ADC_DiscModeChannelCountConfig           0x08007b5b   Thumb Code    16  stm32f4xx_adc.o(.text)
    ADC_DiscModeCmd                          0x08007b6b   Thumb Code    20  stm32f4xx_adc.o(.text)
    ADC_GetConversionValue                   0x08007b7f   Thumb Code     6  stm32f4xx_adc.o(.text)
    ADC_GetMultiModeConversionValue          0x08007b85   Thumb Code     8  stm32f4xx_adc.o(.text)
    ADC_DMACmd                               0x08007b8d   Thumb Code    20  stm32f4xx_adc.o(.text)
    ADC_DMARequestAfterLastTransferCmd       0x08007ba1   Thumb Code    20  stm32f4xx_adc.o(.text)
    ADC_MultiModeDMARequestAfterLastTransferCmd 0x08007bb5   Thumb Code    26  stm32f4xx_adc.o(.text)
    ADC_InjectedChannelConfig                0x08007bcf   Thumb Code    74  stm32f4xx_adc.o(.text)
    ADC_InjectedSequencerLengthConfig        0x08007c19   Thumb Code    16  stm32f4xx_adc.o(.text)
    ADC_SetInjectedOffset                    0x08007c29   Thumb Code    10  stm32f4xx_adc.o(.text)
    ADC_ExternalTrigInjectedConvConfig       0x08007c33   Thumb Code    12  stm32f4xx_adc.o(.text)
    ADC_ExternalTrigInjectedConvEdgeConfig   0x08007c3f   Thumb Code    12  stm32f4xx_adc.o(.text)
    ADC_SoftwareStartInjectedConv            0x08007c4b   Thumb Code    10  stm32f4xx_adc.o(.text)
    ADC_GetSoftwareStartInjectedConvCmdStatus 0x08007c55   Thumb Code    14  stm32f4xx_adc.o(.text)
    ADC_AutoInjectedConvCmd                  0x08007c63   Thumb Code    20  stm32f4xx_adc.o(.text)
    ADC_InjectedDiscModeCmd                  0x08007c77   Thumb Code    20  stm32f4xx_adc.o(.text)
    ADC_GetInjectedConversionValue           0x08007c8b   Thumb Code    14  stm32f4xx_adc.o(.text)
    ADC_ITConfig                             0x08007c99   Thumb Code    18  stm32f4xx_adc.o(.text)
    ADC_GetFlagStatus                        0x08007cab   Thumb Code    14  stm32f4xx_adc.o(.text)
    ADC_ClearFlag                            0x08007cb9   Thumb Code     6  stm32f4xx_adc.o(.text)
    ADC_GetITStatus                          0x08007cbf   Thumb Code    30  stm32f4xx_adc.o(.text)
    ADC_ClearITPendingBit                    0x08007cdd   Thumb Code     8  stm32f4xx_adc.o(.text)
    FSMC_NORSRAMDeInit                       0x08007cf9   Thumb Code    38  stm32f4xx_fsmc.o(.text)
    FSMC_NORSRAMInit                         0x08007d1f   Thumb Code   200  stm32f4xx_fsmc.o(.text)
    FSMC_NORSRAMStructInit                   0x08007de7   Thumb Code    42  stm32f4xx_fsmc.o(.text)
    FSMC_NORSRAMCmd                          0x08007e11   Thumb Code    26  stm32f4xx_fsmc.o(.text)
    FSMC_NANDDeInit                          0x08007e2b   Thumb Code    40  stm32f4xx_fsmc.o(.text)
    FSMC_NANDInit                            0x08007e53   Thumb Code   104  stm32f4xx_fsmc.o(.text)
    FSMC_NANDStructInit                      0x08007ebb   Thumb Code    54  stm32f4xx_fsmc.o(.text)
    FSMC_NANDCmd                             0x08007ef1   Thumb Code    54  stm32f4xx_fsmc.o(.text)
    FSMC_NANDECCCmd                          0x08007f27   Thumb Code    54  stm32f4xx_fsmc.o(.text)
    FSMC_GetECC                              0x08007f5d   Thumb Code    18  stm32f4xx_fsmc.o(.text)
    FSMC_PCCARDDeInit                        0x08007f6f   Thumb Code    26  stm32f4xx_fsmc.o(.text)
    FSMC_PCCARDInit                          0x08007f89   Thumb Code   102  stm32f4xx_fsmc.o(.text)
    FSMC_PCCARDStructInit                    0x08007fef   Thumb Code    60  stm32f4xx_fsmc.o(.text)
    FSMC_PCCARDCmd                           0x0800802b   Thumb Code    28  stm32f4xx_fsmc.o(.text)
    FSMC_ITConfig                            0x08008047   Thumb Code    72  stm32f4xx_fsmc.o(.text)
    FSMC_GetFlagStatus                       0x0800808f   Thumb Code    40  stm32f4xx_fsmc.o(.text)
    FSMC_ClearFlag                           0x080080b7   Thumb Code    38  stm32f4xx_fsmc.o(.text)
    FSMC_GetITStatus                         0x080080dd   Thumb Code    48  stm32f4xx_fsmc.o(.text)
    FSMC_ClearITPendingBit                   0x0800810d   Thumb Code    42  stm32f4xx_fsmc.o(.text)
    RTC_WaitForSynchro                       0x08008141   Thumb Code    70  stm32f4xx_rtc.o(.text)
    RTC_EnterInitMode                        0x08008187   Thumb Code    58  stm32f4xx_rtc.o(.text)
    RTC_DeInit                               0x080081c1   Thumb Code   168  stm32f4xx_rtc.o(.text)
    RTC_ExitInitMode                         0x08008269   Thumb Code    14  stm32f4xx_rtc.o(.text)
    RTC_Init                                 0x08008277   Thumb Code    74  stm32f4xx_rtc.o(.text)
    RTC_StructInit                           0x080082c1   Thumb Code    14  stm32f4xx_rtc.o(.text)
    RTC_WriteProtectionCmd                   0x080082cf   Thumb Code    18  stm32f4xx_rtc.o(.text)
    RTC_RefClockCmd                          0x080082e1   Thumb Code    56  stm32f4xx_rtc.o(.text)
    RTC_BypassShadowCmd                      0x08008319   Thumb Code    38  stm32f4xx_rtc.o(.text)
    RTC_SetTime                              0x0800833f   Thumb Code   148  stm32f4xx_rtc.o(.text)
    RTC_TimeStructInit                       0x080083d3   Thumb Code    12  stm32f4xx_rtc.o(.text)
    RTC_GetTime                              0x080083df   Thumb Code    70  stm32f4xx_rtc.o(.text)
    RTC_GetSubSecond                         0x08008425   Thumb Code    14  stm32f4xx_rtc.o(.text)
    RTC_SetDate                              0x08008433   Thumb Code   142  stm32f4xx_rtc.o(.text)
    RTC_DateStructInit                       0x080084c1   Thumb Code    14  stm32f4xx_rtc.o(.text)
    RTC_GetDate                              0x080084cf   Thumb Code    66  stm32f4xx_rtc.o(.text)
    RTC_SetAlarm                             0x08008511   Thumb Code   184  stm32f4xx_rtc.o(.text)
    RTC_AlarmStructInit                      0x080085c9   Thumb Code    20  stm32f4xx_rtc.o(.text)
    RTC_GetAlarm                             0x080085dd   Thumb Code   104  stm32f4xx_rtc.o(.text)
    RTC_AlarmCmd                             0x08008645   Thumb Code    78  stm32f4xx_rtc.o(.text)
    RTC_AlarmSubSecondConfig                 0x08008693   Thumb Code    38  stm32f4xx_rtc.o(.text)
    RTC_GetAlarmSubSecond                    0x080086b9   Thumb Code    24  stm32f4xx_rtc.o(.text)
    RTC_WakeUpClockConfig                    0x080086d1   Thumb Code    34  stm32f4xx_rtc.o(.text)
    RTC_SetWakeUpCounter                     0x080086f3   Thumb Code    22  stm32f4xx_rtc.o(.text)
    RTC_GetWakeUpCounter                     0x08008709   Thumb Code    10  stm32f4xx_rtc.o(.text)
    RTC_WakeUpCmd                            0x08008713   Thumb Code    84  stm32f4xx_rtc.o(.text)
    RTC_DayLightSavingConfig                 0x08008767   Thumb Code    38  stm32f4xx_rtc.o(.text)
    RTC_GetStoreOperation                    0x0800878d   Thumb Code    12  stm32f4xx_rtc.o(.text)
    RTC_OutputConfig                         0x08008799   Thumb Code    38  stm32f4xx_rtc.o(.text)
    RTC_CoarseCalibConfig                    0x080087bf   Thumb Code    46  stm32f4xx_rtc.o(.text)
    RTC_CoarseCalibCmd                       0x080087ed   Thumb Code    56  stm32f4xx_rtc.o(.text)
    RTC_CalibOutputCmd                       0x08008825   Thumb Code    38  stm32f4xx_rtc.o(.text)
    RTC_CalibOutputConfig                    0x0800884b   Thumb Code    34  stm32f4xx_rtc.o(.text)
    RTC_SmoothCalibConfig                    0x0800886d   Thumb Code    70  stm32f4xx_rtc.o(.text)
    RTC_TimeStampCmd                         0x080088b3   Thumb Code    42  stm32f4xx_rtc.o(.text)
    RTC_GetTimeStamp                         0x080088dd   Thumb Code   130  stm32f4xx_rtc.o(.text)
    RTC_GetTimeStampSubSecond                0x0800895f   Thumb Code     8  stm32f4xx_rtc.o(.text)
    RTC_TamperTriggerConfig                  0x08008967   Thumb Code    24  stm32f4xx_rtc.o(.text)
    RTC_TamperCmd                            0x0800897f   Thumb Code    28  stm32f4xx_rtc.o(.text)
    RTC_TamperFilterConfig                   0x0800899b   Thumb Code    18  stm32f4xx_rtc.o(.text)
    RTC_TamperSamplingFreqConfig             0x080089ad   Thumb Code    18  stm32f4xx_rtc.o(.text)
    RTC_TamperPinsPrechargeDuration          0x080089bf   Thumb Code    18  stm32f4xx_rtc.o(.text)
    RTC_TimeStampOnTamperDetectionCmd        0x080089d1   Thumb Code    22  stm32f4xx_rtc.o(.text)
    RTC_TamperPullUpCmd                      0x080089e7   Thumb Code    22  stm32f4xx_rtc.o(.text)
    RTC_WriteBackupRegister                  0x080089fd   Thumb Code    16  stm32f4xx_rtc.o(.text)
    RTC_ReadBackupRegister                   0x08008a0d   Thumb Code    16  stm32f4xx_rtc.o(.text)
    RTC_TamperPinSelection                   0x08008a1d   Thumb Code    18  stm32f4xx_rtc.o(.text)
    RTC_TimeStampPinSelection                0x08008a2f   Thumb Code    18  stm32f4xx_rtc.o(.text)
    RTC_OutputTypeConfig                     0x08008a41   Thumb Code    18  stm32f4xx_rtc.o(.text)
    RTC_SynchroShiftConfig                   0x08008a53   Thumb Code    84  stm32f4xx_rtc.o(.text)
    RTC_ITConfig                             0x08008aa7   Thumb Code    60  stm32f4xx_rtc.o(.text)
    RTC_GetFlagStatus                        0x08008ae3   Thumb Code    22  stm32f4xx_rtc.o(.text)
    RTC_ClearFlag                            0x08008af9   Thumb Code    24  stm32f4xx_rtc.o(.text)
    RTC_GetITStatus                          0x08008b11   Thumb Code    46  stm32f4xx_rtc.o(.text)
    RTC_ClearITPendingBit                    0x08008b3f   Thumb Code    24  stm32f4xx_rtc.o(.text)
    EXTI_DeInit                              0x08008b8d   Thumb Code    28  stm32f4xx_exti.o(.text)
    EXTI_Init                                0x08008ba9   Thumb Code   108  stm32f4xx_exti.o(.text)
    EXTI_StructInit                          0x08008c15   Thumb Code    14  stm32f4xx_exti.o(.text)
    EXTI_GenerateSWInterrupt                 0x08008c23   Thumb Code    12  stm32f4xx_exti.o(.text)
    EXTI_GetFlagStatus                       0x08008c2f   Thumb Code    18  stm32f4xx_exti.o(.text)
    EXTI_ClearFlag                           0x08008c41   Thumb Code     8  stm32f4xx_exti.o(.text)
    EXTI_GetITStatus                         0x08008c49   Thumb Code    18  stm32f4xx_exti.o(.text)
    EXTI_ClearITPendingBit                   0x08008c5b   Thumb Code     8  stm32f4xx_exti.o(.text)
    PWR_DeInit                               0x08008c6d   Thumb Code    24  stm32f4xx_pwr.o(.text)
    PWR_BackupAccessCmd                      0x08008c85   Thumb Code     6  stm32f4xx_pwr.o(.text)
    PWR_PVDLevelConfig                       0x08008c8b   Thumb Code    14  stm32f4xx_pwr.o(.text)
    PWR_PVDCmd                               0x08008c99   Thumb Code     6  stm32f4xx_pwr.o(.text)
    PWR_WakeUpPinCmd                         0x08008c9f   Thumb Code     8  stm32f4xx_pwr.o(.text)
    PWR_BackupRegulatorCmd                   0x08008ca7   Thumb Code     8  stm32f4xx_pwr.o(.text)
    PWR_MainRegulatorModeConfig              0x08008caf   Thumb Code    14  stm32f4xx_pwr.o(.text)
    PWR_OverDriveCmd                         0x08008cbd   Thumb Code     6  stm32f4xx_pwr.o(.text)
    PWR_OverDriveSWCmd                       0x08008cc3   Thumb Code     6  stm32f4xx_pwr.o(.text)
    PWR_UnderDriveCmd                        0x08008cc9   Thumb Code    22  stm32f4xx_pwr.o(.text)
    PWR_MainRegulatorLowVoltageCmd           0x08008cdf   Thumb Code    10  stm32f4xx_pwr.o(.text)
    PWR_LowRegulatorLowVoltageCmd            0x08008ce9   Thumb Code    10  stm32f4xx_pwr.o(.text)
    PWR_FlashPowerDownCmd                    0x08008cf3   Thumb Code     6  stm32f4xx_pwr.o(.text)
    PWR_EnterSTOPMode                        0x08008cf9   Thumb Code    46  stm32f4xx_pwr.o(.text)
    PWR_EnterUnderDriveSTOPMode              0x08008d27   Thumb Code    46  stm32f4xx_pwr.o(.text)
    PWR_EnterSTANDBYMode                     0x08008d55   Thumb Code    24  stm32f4xx_pwr.o(.text)
    PWR_GetFlagStatus                        0x08008d6d   Thumb Code    16  stm32f4xx_pwr.o(.text)
    PWR_ClearFlag                            0x08008d7d   Thumb Code    12  stm32f4xx_pwr.o(.text)
    delay_init                               0x08008d95   Thumb Code    38  delay.o(.text)
    delay_us                                 0x08008dbb   Thumb Code    46  delay.o(.text)
    delay_xms                                0x08008de9   Thumb Code    46  delay.o(.text)
    delay_ms                                 0x08008e17   Thumb Code    50  delay.o(.text)
    _sys_exit                                0x08008e4d   Thumb Code     2  usart.o(.text)
    fputc                                    0x08008e4f   Thumb Code    14  usart.o(.text)
    uart_init                                0x08008e5d   Thumb Code   164  usart.o(.text)
    USART1_IRQHandler                        0x08008f01   Thumb Code    88  usart.o(.text)
    usmart_sys_cmd_exe                       0x08008f69   Thumb Code  1442  usmart.o(.text)
    usmart_reset_runtime                     0x0800950b   Thumb Code    40  usmart.o(.text)
    usmart_get_runtime                       0x08009533   Thumb Code    48  usmart.o(.text)
    TIM4_IRQHandler                          0x08009563   Thumb Code    50  usmart.o(.text)
    Timer4_Init                              0x08009595   Thumb Code    88  usmart.o(.text)
    usmart_init                              0x080095ed   Thumb Code    36  usmart.o(.text)
    usmart_cmd_rec                           0x08009611   Thumb Code   144  usmart.o(.text)
    usmart_exe                               0x080096a1   Thumb Code   768  usmart.o(.text)
    usmart_scan                              0x080099a1   Thumb Code    92  usmart.o(.text)
    read_addr                                0x080099fd   Thumb Code     4  usmart.o(.text)
    write_addr                               0x08009a01   Thumb Code     4  usmart.o(.text)
    usmart_strcmp                            0x08009a7d   Thumb Code    24  usmart_str.o(.text)
    usmart_strcopy                           0x08009a95   Thumb Code    18  usmart_str.o(.text)
    usmart_strlen                            0x08009aa7   Thumb Code    18  usmart_str.o(.text)
    usmart_pow                               0x08009ab9   Thumb Code    16  usmart_str.o(.text)
    usmart_str2num                           0x08009ac9   Thumb Code   158  usmart_str.o(.text)
    usmart_get_cmdname                       0x08009b67   Thumb Code    46  usmart_str.o(.text)
    usmart_search_nextc                      0x08009b95   Thumb Code    16  usmart_str.o(.text)
    usmart_get_fname                         0x08009ba5   Thumb Code   356  usmart_str.o(.text)
    usmart_get_aparm                         0x08009d09   Thumb Code   156  usmart_str.o(.text)
    usmart_get_parmpos                       0x08009da5   Thumb Code    30  usmart_str.o(.text)
    usmart_get_fparam                        0x08009dc3   Thumb Code   206  usmart_str.o(.text)
    lwip_comm_mem_free                       0x08009e9d   Thumb Code    26  lwip_comm.o(.text)
    lwip_comm_mem_malloc                     0x08009eb7   Thumb Code    50  lwip_comm.o(.text)
    lwip_comm_default_ip_set                 0x08009ee9   Thumb Code    74  lwip_comm.o(.text)
    lwip_comm_init                           0x08009f33   Thumb Code   112  lwip_comm.o(.text)
    lwip_pkt_handle                          0x08009fa3   Thumb Code     8  lwip_comm.o(.text)
    lwip_dhcp_process_handle                 0x08009fab   Thumb Code   288  lwip_comm.o(.text)
    lwip_periodic_handle                     0x0800a0cb   Thumb Code   102  lwip_comm.o(.text)
    tcp_client_set_remoteip                  0x0800a2ed   Thumb Code   274  tcp_client_demo.o(.text)
    tcp_client_connection_close              0x0800a3ff   Thumb Code    72  tcp_client_demo.o(.text)
    tcp_client_senddata                      0x0800a447   Thumb Code    80  tcp_client_demo.o(.text)
    tcp_client_poll                          0x0800a497   Thumb Code   106  tcp_client_demo.o(.text)
    tcp_client_sent                          0x0800a501   Thumb Code    20  tcp_client_demo.o(.text)
    tcp_client_error                         0x0800a515   Thumb Code     2  tcp_client_demo.o(.text)
    tcp_client_recv                          0x0800a517   Thumb Code   152  tcp_client_demo.o(.text)
    tcp_client_connected                     0x0800a5af   Thumb Code   112  tcp_client_demo.o(.text)
    tcp_client_test                          0x0800a61f   Thumb Code   950  tcp_client_demo.o(.text)
    tcp_server_remove_timewait               0x0800aa49   Thumb Code    54  tcp_server_demo.o(.text)
    tcp_server_connection_close              0x0800aa7f   Thumb Code    72  tcp_server_demo.o(.text)
    tcp_server_senddata                      0x0800aac7   Thumb Code    90  tcp_server_demo.o(.text)
    tcp_server_sent                          0x0800ab21   Thumb Code    20  tcp_server_demo.o(.text)
    tcp_server_poll                          0x0800ab35   Thumb Code   106  tcp_server_demo.o(.text)
    tcp_server_error                         0x0800ab9f   Thumb Code    28  tcp_server_demo.o(.text)
    tcp_server_recv                          0x0800abbb   Thumb Code   186  tcp_server_demo.o(.text)
    tcp_server_accept                        0x0800ac75   Thumb Code   124  tcp_server_demo.o(.text)
    tcp_server_test                          0x0800acf1   Thumb Code   884  tcp_server_demo.o(.text)
    udp_demo_set_remoteip                    0x0800b09d   Thumb Code   274  udp_demo.o(.text)
    udp_demo_connection_close                0x0800b1af   Thumb Code    18  udp_demo.o(.text)
    udp_demo_senddata                        0x0800b1c1   Thumb Code    50  udp_demo.o(.text)
    udp_demo_recv                            0x0800b1f3   Thumb Code   130  udp_demo.o(.text)
    udp_demo_test                            0x0800b275   Thumb Code   848  udp_demo.o(.text)
    fs_open                                  0x0800b5c5   Thumb Code   104  fs.o(.text)
    fs_close                                 0x0800b62d   Thumb Code     4  fs.o(.text)
    fs_read                                  0x0800b631   Thumb Code    52  fs.o(.text)
    fs_bytes_left                            0x0800b665   Thumb Code     8  fs.o(.text)
    httpd_init                               0x0800c2f5   Thumb Code    18  httpd.o(.text)
    http_set_ssi_handler                     0x0800c307   Thumb Code    80  httpd.o(.text)
    http_set_cgi_handlers                    0x0800c357   Thumb Code    56  httpd.o(.text)
    ADC_Handler                              0x0800c4c5   Thumb Code   118  httpd_cgi_ssi.o(.text)
    Temperate_Handler                        0x0800c53b   Thumb Code    98  httpd_cgi_ssi.o(.text)
    RTCTime_Handler                          0x0800c59d   Thumb Code    94  httpd_cgi_ssi.o(.text)
    RTCdate_Handler                          0x0800c5fb   Thumb Code   132  httpd_cgi_ssi.o(.text)
    LEDS_CGI_Handler                         0x0800c6bb   Thumb Code   162  httpd_cgi_ssi.o(.text)
    BEEP_CGI_Handler                         0x0800c75d   Thumb Code   160  httpd_cgi_ssi.o(.text)
    httpd_ssi_init                           0x0800c7fd   Thumb Code    10  httpd_cgi_ssi.o(.text)
    httpd_cgi_init                           0x0800c807   Thumb Code     8  httpd_cgi_ssi.o(.text)
    etharp_tmr                               0x0800c925   Thumb Code    66  etharp.o(.text)
    etharp_cleanup_netif                     0x0800cb87   Thumb Code    42  etharp.o(.text)
    etharp_find_addr                         0x0800cbb1   Thumb Code    74  etharp.o(.text)
    etharp_request                           0x0800cf33   Thumb Code    32  etharp.o(.text)
    etharp_query                             0x0800cfa7   Thumb Code   298  etharp.o(.text)
    etharp_output                            0x0800d0d1   Thumb Code   306  etharp.o(.text)
    ethernet_input                           0x0800d203   Thumb Code   380  etharp.o(.text)
    ethernetif_input                         0x0800d3d9   Thumb Code   116  ethernetif.o(.text)
    ethernetif_init                          0x0800d44d   Thumb Code    48  ethernetif.o(.text)
    icmp_input                               0x0800d581   Thumb Code   310  icmp.o(.text)
    icmp_dest_unreach                        0x0800d72f   Thumb Code     6  icmp.o(.text)
    icmp_time_exceeded                       0x0800d735   Thumb Code     6  icmp.o(.text)
    inet_chksum_pseudo                       0x0800d907   Thumb Code   136  inet_chksum.o(.text)
    inet_chksum_pseudo_partial               0x0800d98f   Thumb Code   178  inet_chksum.o(.text)
    inet_chksum                              0x0800da41   Thumb Code    12  inet_chksum.o(.text)
    inet_chksum_pbuf                         0x0800da4d   Thumb Code    72  inet_chksum.o(.text)
    ip_route                                 0x0800dafd   Thumb Code    54  ip.o(.text)
    ip_input                                 0x0800db33   Thumb Code   366  ip.o(.text)
    ip_output_if                             0x0800dca1   Thumb Code   210  ip.o(.text)
    ip_output                                0x0800dd73   Thumb Code    72  ip.o(.text)
    ip4_addr_isbroadcast                     0x0800de59   Thumb Code    46  ip_addr.o(.text)
    ip4_addr_netmask_valid                   0x0800de87   Thumb Code    38  ip_addr.o(.text)
    ipaddr_aton                              0x0800dead   Thumb Code   262  ip_addr.o(.text)
    ipaddr_addr                              0x0800dfb3   Thumb Code    20  ip_addr.o(.text)
    ipaddr_ntoa_r                            0x0800dfc7   Thumb Code   118  ip_addr.o(.text)
    ipaddr_ntoa                              0x0800e03d   Thumb Code     6  ip_addr.o(.text)
    ip_reass_tmr                             0x0800e1ab   Thumb Code    40  ip_frag.o(.text)
    ip_reass                                 0x0800e399   Thumb Code   824  ip_frag.o(.text)
    ip_frag                                  0x0800e71d   Thumb Code   382  ip_frag.o(.text)
    lwip_htons                               0x0800e8d9   Thumb Code     4  def.o(.text)
    lwip_ntohs                               0x0800e8dd   Thumb Code     4  def.o(.text)
    lwip_htonl                               0x0800e8e1   Thumb Code     4  def.o(.text)
    lwip_ntohl                               0x0800e8e5   Thumb Code     4  def.o(.text)
    dhcp_renew                               0x0800f055   Thumb Code   132  dhcp.o(.text)
    dhcp_coarse_tmr                          0x0800f15b   Thumb Code    90  dhcp.o(.text)
    dhcp_release                             0x0800f251   Thumb Code   160  dhcp.o(.text)
    dhcp_fine_tmr                            0x0800f425   Thumb Code    46  dhcp.o(.text)
    dhcp_set_struct                          0x0800f453   Thumb Code    80  dhcp.o(.text)
    dhcp_cleanup                             0x0800f4a3   Thumb Code    40  dhcp.o(.text)
    dhcp_stop                                0x0800f4cb   Thumb Code    92  dhcp.o(.text)
    dhcp_start                               0x0800fa31   Thumb Code   220  dhcp.o(.text)
    dhcp_inform                              0x0800fb0d   Thumb Code   168  dhcp.o(.text)
    dhcp_network_changed                     0x0800fbb5   Thumb Code    66  dhcp.o(.text)
    dhcp_arp_reply                           0x0800fbf7   Thumb Code    48  dhcp.o(.text)
    lwip_init                                0x0800fdcd   Thumb Code    30  init.o(.text)
    memp_get_memorysize                      0x0800fded   Thumb Code     6  memp.o(.text)
    memp_init                                0x0800fdf3   Thumb Code    80  memp.o(.text)
    memp_malloc                              0x0800fe43   Thumb Code    62  memp.o(.text)
    memp_free                                0x0800fe81   Thumb Code    40  memp.o(.text)
    netif_init                               0x0800ff69   Thumb Code     2  netif.o(.text)
    netif_set_gw                             0x0800ff6b   Thumb Code     8  netif.o(.text)
    netif_set_netmask                        0x0800ff73   Thumb Code     8  netif.o(.text)
    netif_set_ipaddr                         0x0800ff7b   Thumb Code    96  netif.o(.text)
    netif_set_addr                           0x0800ffdb   Thumb Code    30  netif.o(.text)
    netif_add                                0x0800fff9   Thumb Code    96  netif.o(.text)
    netif_set_default                        0x08010059   Thumb Code     6  netif.o(.text)
    netif_set_down                           0x0801005f   Thumb Code    26  netif.o(.text)
    netif_remove                             0x08010079   Thumb Code    68  netif.o(.text)
    netif_find                               0x080100bd   Thumb Code    58  netif.o(.text)
    netif_set_up                             0x080100f7   Thumb Code    32  netif.o(.text)
    netif_set_link_up                        0x08010117   Thumb Code    56  netif.o(.text)
    netif_set_link_down                      0x0801014f   Thumb Code    18  netif.o(.text)
    pbuf_free                                0x080101d5   Thumb Code   170  pbuf.o(.text)
    pbuf_alloc                               0x0801027f   Thumb Code   460  pbuf.o(.text)
    pbuf_alloced_custom                      0x0801044b   Thumb Code   100  pbuf.o(.text)
    pbuf_realloc                             0x080104af   Thumb Code   186  pbuf.o(.text)
    pbuf_header                              0x08010569   Thumb Code   806  pbuf.o(.text)
    pbuf_clen                                0x0801088f   Thumb Code    18  pbuf.o(.text)
    pbuf_ref                                 0x080108a1   Thumb Code    12  pbuf.o(.text)
    pbuf_cat                                 0x080108ad   Thumb Code   108  pbuf.o(.text)
    pbuf_chain                               0x08010919   Thumb Code    16  pbuf.o(.text)
    pbuf_dechain                             0x08010929   Thumb Code   102  pbuf.o(.text)
    pbuf_copy                                0x0801098f   Thumb Code   258  pbuf.o(.text)
    pbuf_copy_partial                        0x08010a91   Thumb Code   130  pbuf.o(.text)
    pbuf_take                                0x08010b13   Thumb Code   146  pbuf.o(.text)
    pbuf_coalesce                            0x08010ba5   Thumb Code    66  pbuf.o(.text)
    pbuf_get_at                              0x08010be7   Thumb Code    24  pbuf.o(.text)
    pbuf_memcmp                              0x08010bff   Thumb Code   646  pbuf.o(.text)
    pbuf_memfind                             0x08010e85   Thumb Code    56  pbuf.o(.text)
    pbuf_strstr                              0x08010ebd   Thumb Code    50  pbuf.o(.text)
    raw_input                                0x08010ef1   Thumb Code   104  raw.o(.text)
    raw_bind                                 0x08010f59   Thumb Code    10  raw.o(.text)
    raw_connect                              0x08010f63   Thumb Code    10  raw.o(.text)
    raw_recv                                 0x08010f6d   Thumb Code     6  raw.o(.text)
    raw_sendto                               0x08010f73   Thumb Code   160  raw.o(.text)
    raw_send                                 0x08011013   Thumb Code     4  raw.o(.text)
    raw_remove                               0x08011017   Thumb Code    40  raw.o(.text)
    raw_new                                  0x0801103f   Thumb Code    38  raw.o(.text)
    tcp_init                                 0x080110e9   Thumb Code     2  tcp.o(.text)
    tcp_seg_free                             0x080110eb   Thumb Code    28  tcp.o(.text)
    tcp_segs_free                            0x08011107   Thumb Code    18  tcp.o(.text)
    tcp_pcb_purge                            0x08011119   Thumb Code    58  tcp.o(.text)
    tcp_slowtmr                              0x08011153   Thumb Code   754  tcp.o(.text)
    tcp_pcb_remove                           0x08011445   Thumb Code   126  tcp.o(.text)
    tcp_close                                0x080117f1   Thumb Code    18  tcp.o(.text)
    tcp_update_rcv_ann_wnd                   0x08011803   Thumb Code    80  tcp.o(.text)
    tcp_recved                               0x08011853   Thumb Code   112  tcp.o(.text)
    tcp_recv_null                            0x080118c3   Thumb Code    34  tcp.o(.text)
    tcp_process_refused_data                 0x080118e5   Thumb Code   100  tcp.o(.text)
    tcp_fasttmr                              0x08011949   Thumb Code    88  tcp.o(.text)
    tcp_tmr                                  0x080119a1   Thumb Code    30  tcp.o(.text)
    tcp_shutdown                             0x080119bf   Thumb Code    76  tcp.o(.text)
    tcp_abandon                              0x08011a0b   Thumb Code   162  tcp.o(.text)
    tcp_abort                                0x08011aad   Thumb Code     4  tcp.o(.text)
    tcp_bind                                 0x08011bc5   Thumb Code   136  tcp.o(.text)
    tcp_listen_with_backlog                  0x08011c53   Thumb Code   146  tcp.o(.text)
    tcp_eff_send_mss                         0x08011ce5   Thumb Code    32  tcp.o(.text)
    tcp_next_iss                             0x08011d05   Thumb Code    12  tcp.o(.text)
    tcp_connect                              0x08011d11   Thumb Code   266  tcp.o(.text)
    tcp_setprio                              0x08011e1b   Thumb Code     4  tcp.o(.text)
    tcp_alloc                                0x08011e1f   Thumb Code   236  tcp.o(.text)
    tcp_new                                  0x08011f0b   Thumb Code     4  tcp.o(.text)
    tcp_arg                                  0x08011f0f   Thumb Code     4  tcp.o(.text)
    tcp_recv                                 0x08011f13   Thumb Code    34  tcp.o(.text)
    tcp_sent                                 0x08011f35   Thumb Code    34  tcp.o(.text)
    tcp_err                                  0x08011f57   Thumb Code    36  tcp.o(.text)
    tcp_accept                               0x08011f7b   Thumb Code     4  tcp.o(.text)
    tcp_poll                                 0x08011f7f   Thumb Code    42  tcp.o(.text)
    tcp_debug_state_str                      0x08011fa9   Thumb Code    10  tcp.o(.text)
    tcp_input                                0x08012ca9   Thumb Code  1212  tcp_in.o(.text)
    tcp_enqueue_flags                        0x0801330f   Thumb Code   286  tcp_out.o(.text)
    tcp_send_fin                             0x0801342d   Thumb Code    68  tcp_out.o(.text)
    tcp_write                                0x08013545   Thumb Code  1410  tcp_out.o(.text)
    tcp_send_empty_ack                       0x08013ac7   Thumb Code    72  tcp_out.o(.text)
    tcp_output                               0x08013d1f   Thumb Code   440  tcp_out.o(.text)
    tcp_rst                                  0x08013ed7   Thumb Code   144  tcp_out.o(.text)
    tcp_rexmit_rto                           0x08013f67   Thumb Code    44  tcp_out.o(.text)
    tcp_rexmit                               0x08013f93   Thumb Code    82  tcp_out.o(.text)
    tcp_rexmit_fast                          0x08013fe5   Thumb Code    88  tcp_out.o(.text)
    tcp_keepalive                            0x0801403d   Thumb Code    60  tcp_out.o(.text)
    tcp_zero_window_probe                    0x08014079   Thumb Code   220  tcp_out.o(.text)
    sys_timeout                              0x08014155   Thumb Code   104  timers.o(.text)
    tcp_timer_needed                         0x080141e3   Thumb Code    34  timers.o(.text)
    sys_timeouts_init                        0x08014255   Thumb Code    60  timers.o(.text)
    sys_untimeout                            0x08014291   Thumb Code    68  timers.o(.text)
    sys_check_timeouts                       0x080142d5   Thumb Code    74  timers.o(.text)
    sys_restart_timeouts                     0x0801431f   Thumb Code    12  timers.o(.text)
    udp_init                                 0x080143e1   Thumb Code     2  udp.o(.text)
    udp_input                                0x080143e3   Thumb Code   388  udp.o(.text)
    udp_bind                                 0x08014567   Thumb Code   192  udp.o(.text)
    udp_sendto_if                            0x08014627   Thumb Code   202  udp.o(.text)
    udp_sendto                               0x080146f1   Thumb Code    40  udp.o(.text)
    udp_send                                 0x08014719   Thumb Code     6  udp.o(.text)
    udp_connect                              0x0801471f   Thumb Code    70  udp.o(.text)
    udp_disconnect                           0x08014765   Thumb Code    16  udp.o(.text)
    udp_recv                                 0x08014775   Thumb Code     6  udp.o(.text)
    udp_remove                               0x0801477b   Thumb Code    40  udp.o(.text)
    udp_new                                  0x080147a3   Thumb Code    26  udp.o(.text)
    mem_init                                 0x08014917   Thumb Code    44  mem.o(.text)
    mem_free                                 0x08014943   Thumb Code   108  mem.o(.text)
    mem_trim                                 0x080149af   Thumb Code   240  mem.o(.text)
    mem_malloc                               0x08014a9f   Thumb Code   252  mem.o(.text)
    mem_calloc                               0x08014b9b   Thumb Code    26  mem.o(.text)
    sys_now                                  0x08014dad   Thumb Code     6  sys_arch.o(.text)
    mymemcpy                                 0x08014db9   Thumb Code    16  malloc.o(.text)
    mymemset                                 0x08014dc9   Thumb Code    12  malloc.o(.text)
    mymem_init                               0x08014dd5   Thumb Code    52  malloc.o(.text)
    mem_perused                              0x08014e09   Thumb Code    48  malloc.o(.text)
    mymem_malloc                             0x08014e39   Thumb Code   136  malloc.o(.text)
    mymem_free                               0x08014ec1   Thumb Code    82  malloc.o(.text)
    myfree                                   0x08014f13   Thumb Code    18  malloc.o(.text)
    mymalloc                                 0x08014f25   Thumb Code    28  malloc.o(.text)
    myrealloc                                0x08014f41   Thumb Code    54  malloc.o(.text)
    __use_no_semihosting                     0x08014f81   Thumb Code     2  use_no_semi_2.o(.text)
    __2printf                                0x08014f85   Thumb Code    20  noretval__2printf.o(.text)
    __2sprintf                               0x08014f9d   Thumb Code    34  noretval__2sprintf.o(.text)
    _printf_pre_padding                      0x08014fc5   Thumb Code    44  _printf_pad.o(.text)
    _printf_post_padding                     0x08014ff1   Thumb Code    34  _printf_pad.o(.text)
    _printf_str                              0x08015013   Thumb Code    82  _printf_str.o(.text)
    _printf_int_dec                          0x08015065   Thumb Code   104  _printf_dec.o(.text)
    _printf_int_hex                          0x080150dd   Thumb Code    84  _printf_hex_int.o(.text)
    _printf_longlong_hex                     0x080150dd   Thumb Code     0  _printf_hex_int.o(.text)
    __printf                                 0x08015135   Thumb Code   388  __printf_flags_ss_wp.o(.text)
    strchr                                   0x080152bd   Thumb Code    20  strchr.o(.text)
    strstr                                   0x080152d1   Thumb Code    36  strstr.o(.text)
    memcmp                                   0x080152f5   Thumb Code    88  memcmp.o(.text)
    strlen                                   0x0801534d   Thumb Code    62  strlen.o(.text)
    strncmp                                  0x0801538b   Thumb Code   150  strncmp.o(.text)
    __aeabi_memcpy                           0x08015421   Thumb Code     0  rt_memcpy_v6.o(.text)
    __rt_memcpy                              0x08015421   Thumb Code   138  rt_memcpy_v6.o(.text)
    _memcpy_lastbytes                        0x08015487   Thumb Code     0  rt_memcpy_v6.o(.text)
    __aeabi_memcpy4                          0x080154ab   Thumb Code     0  rt_memcpy_w.o(.text)
    __aeabi_memcpy8                          0x080154ab   Thumb Code     0  rt_memcpy_w.o(.text)
    __rt_memcpy_w                            0x080154ab   Thumb Code   100  rt_memcpy_w.o(.text)
    _memcpy_lastbytes_aligned                0x080154f3   Thumb Code     0  rt_memcpy_w.o(.text)
    __aeabi_memclr                           0x0801550f   Thumb Code     0  rt_memclr.o(.text)
    __rt_memclr                              0x0801550f   Thumb Code    68  rt_memclr.o(.text)
    _memset                                  0x08015513   Thumb Code     0  rt_memclr.o(.text)
    __aeabi_memclr4                          0x08015553   Thumb Code     0  rt_memclr_w.o(.text)
    __aeabi_memclr8                          0x08015553   Thumb Code     0  rt_memclr_w.o(.text)
    __rt_memclr_w                            0x08015553   Thumb Code    78  rt_memclr_w.o(.text)
    _memset_w                                0x08015557   Thumb Code     0  rt_memclr_w.o(.text)
    strcmp                                   0x080155a1   Thumb Code   128  strcmpv7m.o(.text)
    __use_two_region_memory                  0x08015621   Thumb Code     2  heapauxi.o(.text)
    __rt_heap_escrow$2region                 0x08015623   Thumb Code     2  heapauxi.o(.text)
    __rt_heap_expand$2region                 0x08015625   Thumb Code     2  heapauxi.o(.text)
    __I$use$semihosting                      0x08015627   Thumb Code     0  use_no_semi.o(.text)
    __use_no_semihosting_swi                 0x08015627   Thumb Code     2  use_no_semi.o(.text)
    _printf_int_common                       0x08015629   Thumb Code   178  _printf_intcommon.o(.text)
    _printf_char_common                      0x080156e7   Thumb Code    32  _printf_char_common.o(.text)
    _sputc                                   0x0801570d   Thumb Code    10  _sputc.o(.text)
    _printf_cs_common                        0x08015717   Thumb Code    20  _printf_char.o(.text)
    _printf_char                             0x0801572b   Thumb Code    16  _printf_char.o(.text)
    _printf_string                           0x0801573b   Thumb Code     8  _printf_char.o(.text)
    _printf_char_file                        0x08015745   Thumb Code    32  _printf_char_file.o(.text)
    ferror                                   0x08015769   Thumb Code     8  ferror.o(.text)
    __user_setup_stackheap                   0x08015771   Thumb Code    74  sys_stackheap_outer.o(.text)
    exit                                     0x080157bb   Thumb Code    12  exit.o(.text)
    __user_libspace                          0x080157c9   Thumb Code     8  libspace.o(.text)
    __user_perproc_libspace                  0x080157c9   Thumb Code     0  libspace.o(.text)
    __user_perthread_libspace                0x080157c9   Thumb Code     0  libspace.o(.text)
    _is_digit                                0x080157d1   Thumb Code    14  __printf_wp.o(i._is_digit)
    __aeabi_dadd                             0x080157e1   Thumb Code     0  daddsub_clz.o(x$fpl$dadd)
    _dadd                                    0x080157e1   Thumb Code   332  daddsub_clz.o(x$fpl$dadd)
    __aeabi_ddiv                             0x08015931   Thumb Code     0  ddiv.o(x$fpl$ddiv)
    _ddiv                                    0x08015931   Thumb Code   552  ddiv.o(x$fpl$ddiv)
    __aeabi_d2iz                             0x08015be1   Thumb Code     0  dfix.o(x$fpl$dfix)
    _dfix                                    0x08015be1   Thumb Code    94  dfix.o(x$fpl$dfix)
    __aeabi_d2uiz                            0x08015c41   Thumb Code     0  dfixu.o(x$fpl$dfixu)
    _dfixu                                   0x08015c41   Thumb Code    90  dfixu.o(x$fpl$dfixu)
    __aeabi_ui2d                             0x08015c9b   Thumb Code     0  dflt_clz.o(x$fpl$dfltu)
    _dfltu                                   0x08015c9b   Thumb Code    38  dflt_clz.o(x$fpl$dfltu)
    __aeabi_dmul                             0x08015cc1   Thumb Code     0  dmul.o(x$fpl$dmul)
    _dmul                                    0x08015cc1   Thumb Code   332  dmul.o(x$fpl$dmul)
    __fpl_dnaninf                            0x08015e15   Thumb Code   156  dnaninf.o(x$fpl$dnaninf)
    __fpl_dretinf                            0x08015eb1   Thumb Code    12  dretinf.o(x$fpl$dretinf)
    __aeabi_dsub                             0x08015ebd   Thumb Code     0  daddsub_clz.o(x$fpl$dsub)
    _dsub                                    0x08015ebd   Thumb Code   464  daddsub_clz.o(x$fpl$dsub)
    __aeabi_f2d                              0x08016091   Thumb Code     0  f2d.o(x$fpl$f2d)
    _f2d                                     0x08016091   Thumb Code    86  f2d.o(x$fpl$f2d)
    __fpl_fnaninf                            0x080160e7   Thumb Code   140  fnaninf.o(x$fpl$fnaninf)
    _fp_init                                 0x08016173   Thumb Code    10  fpinit.o(x$fpl$fpinit)
    __fplib_config_fpu_vfp                   0x0801617b   Thumb Code     0  fpinit.o(x$fpl$fpinit)
    __fplib_config_pureend_doubles           0x0801617b   Thumb Code     0  fpinit.o(x$fpl$fpinit)
    __I$use$fp                               0x0801617c   Number         0  usenofp.o(x$fpl$usenofp)
    asc2_1206                                0x0801617c   Data        1140  lcd.o(.constdata)
    asc2_1608                                0x080165f0   Data        1520  lcd.o(.constdata)
    asc2_2412                                0x08016be0   Data        3420  lcd.o(.constdata)
    FSMC_DefaultTimingStruct                 0x0801793c   Data          28  stm32f4xx_fsmc.o(.constdata)
    file__image_head_jpg                     0x0803015c   Data          20  fs.o(.constdata)
    file__image_stm32_jpg                    0x08030170   Data          20  fs.o(.constdata)
    file__image_tab_jpg                      0x08030184   Data          20  fs.o(.constdata)
    file__index_html                         0x08030198   Data          20  fs.o(.constdata)
    file__STM32F407ADC_TEMPERATE_shtml       0x080301ac   Data          20  fs.o(.constdata)
    file__STM32F407LED_OFF_BEEP_OFF_shtml    0x080301c0   Data          20  fs.o(.constdata)
    file__STM32F407LED_OFF_BEEP_ON_shtml     0x080301d4   Data          20  fs.o(.constdata)
    file__STM32F407LED_ON_BEEP_OFF_shtml     0x080301e8   Data          20  fs.o(.constdata)
    file__STM32F407LED_ON_BEEP_ON_shtml      0x080301fc   Data          20  fs.o(.constdata)
    file__STM32F407RTC_shtml                 0x08030210   Data          20  fs.o(.constdata)
    g_pcTagLeadIn                            0x08030224   Data           4  httpd.o(.constdata)
    g_pcTagLeadOut                           0x08030228   Data           4  httpd.o(.constdata)
    g_psDefaultFilenames                     0x0803022c   Data          40  httpd.o(.constdata)
    ethbroadcast                             0x08030264   Data           6  etharp.o(.constdata)
    ethzero                                  0x0803026a   Data           6  etharp.o(.constdata)
    ip_addr_any                              0x08030270   Data           4  ip_addr.o(.constdata)
    ip_addr_broadcast                        0x08030274   Data           4  ip_addr.o(.constdata)
    tcp_persist_backoff                      0x080302a0   Data           7  tcp.o(.constdata)
    tcp_state_str                            0x080302a8   Data          44  tcp.o(.constdata)
    tcp_backoff                              0x080302d4   Data          13  tcp.o(.constdata)
    tcp_pcb_lists                            0x080302e4   Data          16  tcp.o(.constdata)
    memtblsize                               0x080302f4   Data          12  malloc.o(.constdata)
    memblksize                               0x08030300   Data          12  malloc.o(.constdata)
    memsize                                  0x0803030c   Data          12  malloc.o(.constdata)
    Region$$Table$$Base                      0x08030890   Number         0  anon$$obj.o(Region$$Table)
    Region$$Table$$Limit                     0x080308b0   Number         0  anon$$obj.o(Region$$Table)
    mem3base                                 0x10000000   Data       61440  malloc.o(.ARM.__AT_0x10000000)
    mem3mapbase                              0x1000f000   Data        3840  malloc.o(.ARM.__AT_0x1000F000)
    SystemCoreClock                          0x20000000   Data           4  system_stm32f4xx.o(.data)
    AHBPrescTable                            0x20000004   Data          16  system_stm32f4xx.o(.data)
    POINT_COLOR                              0x20000016   Data           2  lcd.o(.data)
    BACK_COLOR                               0x20000018   Data           2  lcd.o(.data)
    DMARxDscrTab                             0x2000001c   Data           4  lan8720.o(.data)
    DMATxDscrTab                             0x20000020   Data           4  lan8720.o(.data)
    Rx_Buff                                  0x20000024   Data           4  lan8720.o(.data)
    Tx_Buff                                  0x20000028   Data           4  lan8720.o(.data)
    NVIC_InitStructure                       0x2000002c   Data           4  rtc.o(.data)
    DMATxDescToSet                           0x20000040   Data           4  stm32f4x7_eth.o(.data)
    DMARxDescToGet                           0x20000044   Data           4  stm32f4x7_eth.o(.data)
    DMA_RX_FRAME_infos                       0x20000048   Data           4  stm32f4x7_eth.o(.data)
    USART_RX_STA                             0x20000050   Data           2  usart.o(.data)
    __stdout                                 0x20000054   Data           4  usart.o(.data)
    sys_cmd_tab                              0x20000058   Data          28  usmart.o(.data)
    usmart_nametab                           0x20000074   Data         112  usmart_config.o(.data)
    usmart_dev                               0x200000e4   Data         244  usmart_config.o(.data)
    TCPTimer                                 0x200001d8   Data           4  lwip_comm.o(.data)
    ARPTimer                                 0x200001dc   Data           4  lwip_comm.o(.data)
    DHCPfineTimer                            0x200001e0   Data           4  lwip_comm.o(.data)
    DHCPcoarseTimer                          0x200001e4   Data           4  lwip_comm.o(.data)
    lwip_localtime                           0x200001e8   Data           4  lwip_comm.o(.data)
    tcp_client_flag                          0x200001ec   Data           1  tcp_client_demo.o(.data)
    tcp_client_sendbuf                       0x200001f0   Data           4  tcp_client_demo.o(.data)
    tcp_server_flag                          0x200001f4   Data           1  tcp_server_demo.o(.data)
    tcp_server_sendbuf                       0x200001f8   Data           4  tcp_server_demo.o(.data)
    udp_demo_flag                            0x200001fc   Data           1  udp_demo.o(.data)
    tcp_demo_sendbuf                         0x20000200   Data           4  udp_demo.o(.data)
    g_pfnSSIHandler                          0x20000204   Data           4  httpd.o(.data)
    g_iNumTags                               0x20000208   Data           4  httpd.o(.data)
    g_ppcTags                                0x2000020c   Data           4  httpd.o(.data)
    g_pCGIs                                  0x20000210   Data           4  httpd.o(.data)
    g_iNumCGIs                               0x20000214   Data           4  httpd.o(.data)
    g_pcSSIExtensions                        0x20000218   Data          16  httpd.o(.data)
    current_netif                            0x20000240   Data           4  ip.o(.data)
    current_header                           0x20000244   Data           4  ip.o(.data)
    current_iphdr_src                        0x20000248   Data           4  ip.o(.data)
    current_iphdr_dest                       0x2000024c   Data           4  ip.o(.data)
    memp_memory                              0x2000025c   Data           4  memp.o(.data)
    netif_list                               0x20000264   Data           4  netif.o(.data)
    netif_default                            0x20000268   Data           4  netif.o(.data)
    tcp_active_pcbs_changed                  0x20000270   Data           1  tcp.o(.data)
    tcp_ticks                                0x2000027c   Data           4  tcp.o(.data)
    tcp_bound_pcbs                           0x20000280   Data           4  tcp.o(.data)
    tcp_listen_pcbs                          0x20000284   Data           4  tcp.o(.data)
    tcp_active_pcbs                          0x20000288   Data           4  tcp.o(.data)
    tcp_tw_pcbs                              0x2000028c   Data           4  tcp.o(.data)
    tcp_tmp_pcb                              0x20000290   Data           4  tcp.o(.data)
    tcp_input_pcb                            0x200002ac   Data           4  tcp_in.o(.data)
    udp_pcbs                                 0x200002c0   Data           4  udp.o(.data)
    ram_heap                                 0x200002c4   Data           4  mem.o(.data)
    mallco_dev                               0x200002d4   Data          36  malloc.o(.data)
    lcddev                                   0x200002f8   Data          14  lcd.o(.bss)
    RX_Frame_Descriptor                      0x20000308   Data          12  stm32f4x7_eth.o(.bss)
    USART_RX_BUF                             0x20000314   Data         200  usart.o(.bss)
    lwipdev                                  0x200003dc   Data          23  lwip_comm.o(.bss)
    lwip_netif                               0x200003f4   Data          52  lwip_comm.o(.bss)
    tcp_client_recvbuf                       0x20000428   Data         200  tcp_client_demo.o(.bss)
    tcp_server_recvbuf                       0x200004f0   Data         200  tcp_server_demo.o(.bss)
    udp_demo_recvbuf                         0x200005b8   Data         200  udp_demo.o(.bss)
    fs_memory                                0x20000680   Data         240  fs.o(.bss)
    dhcp_rx_options_val                      0x20000c48   Data          40  dhcp.o(.bss)
    dhcp_rx_options_given                    0x20000c70   Data          10  dhcp.o(.bss)
    mem1base                                 0x20000cb4   Data       102400  malloc.o(.bss)
    mem1mapbase                              0x20019cb4   Data        6400  malloc.o(.bss)
    __libspace_start                         0x2001b5b4   Data          96  libspace.o(.bss)
    __temporary_stack_top$libspace           0x2001b614   Data           0  libspace.o(.bss)
    mem2base                                 0x68000000   Data       204800  malloc.o(.ARM.__AT_0x68000000)
    mem2mapbase                              0x68032000   Data       12800  malloc.o(.ARM.__AT_0x68032000)



==============================================================================

Memory Map of the image

  Image Entry point : 0x08000189

  Load Region LR_IROM1 (Base: 0x08000000, Size: 0x00030ba8, Max: 0x00100000, ABSOLUTE, COMPRESSED[0x000309b0])

    Execution Region ER_IROM1 (Base: 0x08000000, Size: 0x000308b0, Max: 0x00100000, ABSOLUTE)

    Base Addr    Size         Type   Attr      Idx    E Section Name        Object

    0x08000000   0x00000188   Data   RO          585    RESET               startup_stm32f40_41xxx.o
    0x08000188   0x00000008   Code   RO         1925  * !!!main             c_w.l(__main.o)
    0x08000190   0x00000034   Code   RO         2133    !!!scatter          c_w.l(__scatter.o)
    0x080001c4   0x0000005a   Code   RO         2131    !!dczerorl2         c_w.l(__dczerorl2.o)
    0x0800021e   0x00000002   PAD
    0x08000220   0x0000001c   Code   RO         2135    !!handler_zi        c_w.l(__scatter_zi.o)
    0x0800023c   0x00000000   Code   RO         1902    .ARM.Collect$$_printf_percent$$00000000  c_w.l(_printf_percent.o)
    0x0800023c   0x00000006   Code   RO         1900    .ARM.Collect$$_printf_percent$$00000009  c_w.l(_printf_d.o)
    0x08000242   0x00000006   Code   RO         1901    .ARM.Collect$$_printf_percent$$0000000A  c_w.l(_printf_u.o)
    0x08000248   0x00000006   Code   RO         1899    .ARM.Collect$$_printf_percent$$0000000C  c_w.l(_printf_x.o)
    0x0800024e   0x00000006   Code   RO         1897    .ARM.Collect$$_printf_percent$$00000013  c_w.l(_printf_c.o)
    0x08000254   0x00000006   Code   RO         1898    .ARM.Collect$$_printf_percent$$00000014  c_w.l(_printf_s.o)
    0x0800025a   0x00000004   Code   RO         1968    .ARM.Collect$$_printf_percent$$00000017  c_w.l(_printf_percent_end.o)
    0x0800025e   0x00000002   Code   RO         2006    .ARM.Collect$$libinit$$00000000  c_w.l(libinit.o)
    0x08000260   0x00000004   Code   RO         2012    .ARM.Collect$$libinit$$00000001  c_w.l(libinit2.o)
    0x08000264   0x00000000   Code   RO         2015    .ARM.Collect$$libinit$$00000004  c_w.l(libinit2.o)
    0x08000264   0x00000000   Code   RO         2018    .ARM.Collect$$libinit$$0000000A  c_w.l(libinit2.o)
    0x08000264   0x00000000   Code   RO         2020    .ARM.Collect$$libinit$$0000000C  c_w.l(libinit2.o)
    0x08000264   0x00000000   Code   RO         2022    .ARM.Collect$$libinit$$0000000E  c_w.l(libinit2.o)
    0x08000264   0x00000000   Code   RO         2025    .ARM.Collect$$libinit$$00000011  c_w.l(libinit2.o)
    0x08000264   0x00000000   Code   RO         2027    .ARM.Collect$$libinit$$00000013  c_w.l(libinit2.o)
    0x08000264   0x00000000   Code   RO         2029    .ARM.Collect$$libinit$$00000015  c_w.l(libinit2.o)
    0x08000264   0x00000000   Code   RO         2031    .ARM.Collect$$libinit$$00000017  c_w.l(libinit2.o)
    0x08000264   0x00000000   Code   RO         2033    .ARM.Collect$$libinit$$00000019  c_w.l(libinit2.o)
    0x08000264   0x00000000   Code   RO         2035    .ARM.Collect$$libinit$$0000001B  c_w.l(libinit2.o)
    0x08000264   0x00000000   Code   RO         2037    .ARM.Collect$$libinit$$0000001D  c_w.l(libinit2.o)
    0x08000264   0x00000000   Code   RO         2039    .ARM.Collect$$libinit$$0000001F  c_w.l(libinit2.o)
    0x08000264   0x00000000   Code   RO         2041    .ARM.Collect$$libinit$$00000021  c_w.l(libinit2.o)
    0x08000264   0x00000000   Code   RO         2043    .ARM.Collect$$libinit$$00000023  c_w.l(libinit2.o)
    0x08000264   0x00000000   Code   RO         2045    .ARM.Collect$$libinit$$00000025  c_w.l(libinit2.o)
    0x08000264   0x00000000   Code   RO         2049    .ARM.Collect$$libinit$$0000002C  c_w.l(libinit2.o)
    0x08000264   0x00000000   Code   RO         2051    .ARM.Collect$$libinit$$0000002E  c_w.l(libinit2.o)
    0x08000264   0x00000000   Code   RO         2053    .ARM.Collect$$libinit$$00000030  c_w.l(libinit2.o)
    0x08000264   0x00000000   Code   RO         2055    .ARM.Collect$$libinit$$00000032  c_w.l(libinit2.o)
    0x08000264   0x00000002   Code   RO         2056    .ARM.Collect$$libinit$$00000033  c_w.l(libinit2.o)
    0x08000266   0x00000002   Code   RO         2074    .ARM.Collect$$libshutdown$$00000000  c_w.l(libshutdown.o)
    0x08000268   0x00000000   Code   RO         2085    .ARM.Collect$$libshutdown$$00000003  c_w.l(libshutdown2.o)
    0x08000268   0x00000000   Code   RO         2088    .ARM.Collect$$libshutdown$$00000006  c_w.l(libshutdown2.o)
    0x08000268   0x00000000   Code   RO         2091    .ARM.Collect$$libshutdown$$00000009  c_w.l(libshutdown2.o)
    0x08000268   0x00000000   Code   RO         2093    .ARM.Collect$$libshutdown$$0000000B  c_w.l(libshutdown2.o)
    0x08000268   0x00000000   Code   RO         2096    .ARM.Collect$$libshutdown$$0000000E  c_w.l(libshutdown2.o)
    0x08000268   0x00000002   Code   RO         2097    .ARM.Collect$$libshutdown$$0000000F  c_w.l(libshutdown2.o)
    0x0800026a   0x00000000   Code   RO         1957    .ARM.Collect$$rtentry$$00000000  c_w.l(__rtentry.o)
    0x0800026a   0x00000000   Code   RO         1977    .ARM.Collect$$rtentry$$00000002  c_w.l(__rtentry2.o)
    0x0800026a   0x00000006   Code   RO         1989    .ARM.Collect$$rtentry$$00000004  c_w.l(__rtentry4.o)
    0x08000270   0x00000000   Code   RO         1979    .ARM.Collect$$rtentry$$00000009  c_w.l(__rtentry2.o)
    0x08000270   0x00000004   Code   RO         1980    .ARM.Collect$$rtentry$$0000000A  c_w.l(__rtentry2.o)
    0x08000274   0x00000000   Code   RO         1982    .ARM.Collect$$rtentry$$0000000C  c_w.l(__rtentry2.o)
    0x08000274   0x00000008   Code   RO         1983    .ARM.Collect$$rtentry$$0000000D  c_w.l(__rtentry2.o)
    0x0800027c   0x00000002   Code   RO         2010    .ARM.Collect$$rtexit$$00000000  c_w.l(rtexit.o)
    0x0800027e   0x00000000   Code   RO         2058    .ARM.Collect$$rtexit$$00000002  c_w.l(rtexit2.o)
    0x0800027e   0x00000004   Code   RO         2059    .ARM.Collect$$rtexit$$00000003  c_w.l(rtexit2.o)
    0x08000282   0x00000006   Code   RO         2060    .ARM.Collect$$rtexit$$00000004  c_w.l(rtexit2.o)
    0x08000288   0x00000404   Code   RO            3    .text               main.o
    0x0800068c   0x00000012   Code   RO          271    .text               stm32f4xx_it.o
    0x0800069e   0x00000002   PAD
    0x080006a0   0x0000017c   Code   RO          320    .text               system_stm32f4xx.o
    0x0800081c   0x000000d4   Code   RO          346    .text               key.o
    0x080008f0   0x00000040   Code   RO          367    .text               led.o
    0x08000930   0x00000084   Code   RO          387    .text               timer.o
    0x080009b4   0x000045bc   Code   RO          412    .text               lcd.o
    0x08004f70   0x000002ec   Code   RO          451    .text               lan8720.o
    0x0800525c   0x000002e0   Code   RO          478    .text               sram.o
    0x0800553c   0x000000d4   Code   RO          498    .text               adc.o
    0x08005610   0x00000040   Code   RO          518    .text               beep.o
    0x08005650   0x00000148   Code   RO          538    .text               temperature.o
    0x08005798   0x00000228   Code   RO          561    .text               rtc.o
    0x080059c0   0x00000040   Code   RO          586    .text               startup_stm32f40_41xxx.o
    0x08005a00   0x000000b0   Code   RO          592    .text               misc.o
    0x08005ab0   0x0000020c   Code   RO          612    .text               stm32f4xx_gpio.o
    0x08005cbc   0x00000480   Code   RO          632    .text               stm32f4xx_rcc.o
    0x0800613c   0x0000007c   Code   RO          654    .text               stm32f4xx_syscfg.o
    0x080061b8   0x000009dc   Code   RO          674    .text               stm32f4xx_tim.o
    0x08006b94   0x00000358   Code   RO          695    .text               stm32f4xx_usart.o
    0x08006eec   0x00000ab8   Code   RO          715    .text               stm32f4x7_eth.o
    0x080079a4   0x00000354   Code   RO          744    .text               stm32f4xx_adc.o
    0x08007cf8   0x00000448   Code   RO          764    .text               stm32f4xx_fsmc.o
    0x08008140   0x00000a4c   Code   RO          787    .text               stm32f4xx_rtc.o
    0x08008b8c   0x000000e0   Code   RO          808    .text               stm32f4xx_exti.o
    0x08008c6c   0x00000128   Code   RO          828    .text               stm32f4xx_pwr.o
    0x08008d94   0x000000b8   Code   RO          848    .text               delay.o
    0x08008e4c   0x0000011c   Code   RO          888    .text               usart.o
    0x08008f68   0x00000b14   Code   RO          920    .text               usmart.o
    0x08009a7c   0x00000420   Code   RO          967    .text               usmart_str.o
    0x08009e9c   0x00000450   Code   RO          988    .text               lwip_comm.o
    0x0800a2ec   0x0000075c   Code   RO         1053    .text               tcp_client_demo.o
    0x0800aa48   0x00000654   Code   RO         1095    .text               tcp_server_demo.o
    0x0800b09c   0x00000528   Code   RO         1121    .text               udp_demo.o
    0x0800b5c4   0x000000d8   Code   RO         1163    .text               fs.o
    0x0800b69c   0x00000e28   Code   RO         1209    .text               httpd.o
    0x0800c4c4   0x00000440   Code   RO         1238    .text               httpd_cgi_ssi.o
    0x0800c904   0x00000aa0   Code   RO         1260    .text               etharp.o
    0x0800d3a4   0x000001dc   Code   RO         1290    .text               ethernetif.o
    0x0800d580   0x00000330   Code   RO         1339    .text               icmp.o
    0x0800d8b0   0x0000024c   Code   RO         1376    .text               inet_chksum.o
    0x0800dafc   0x0000035c   Code   RO         1391    .text               ip.o
    0x0800de58   0x00000254   Code   RO         1421    .text               ip_addr.o
    0x0800e0ac   0x0000082c   Code   RO         1445    .text               ip_frag.o
    0x0800e8d8   0x00000010   Code   RO         1462    .text               def.o
    0x0800e8e8   0x000014e4   Code   RO         1475    .text               dhcp.o
    0x0800fdcc   0x0000001e   Code   RO         1501    .text               init.o
    0x0800fdea   0x00000002   PAD
    0x0800fdec   0x0000017c   Code   RO         1528    .text               memp.o
    0x0800ff68   0x0000026c   Code   RO         1554    .text               netif.o
    0x080101d4   0x00000d1a   Code   RO         1577    .text               pbuf.o
    0x08010eee   0x00000002   PAD
    0x08010ef0   0x000001f8   Code   RO         1590    .text               raw.o
    0x080110e8   0x00000ff0   Code   RO         1610    .text               tcp.o
    0x080120d8   0x0000111c   Code   RO         1635    .text               tcp_in.o
    0x080131f4   0x00000f60   Code   RO         1658    .text               tcp_out.o
    0x08014154   0x0000028c   Code   RO         1671    .text               timers.o
    0x080143e0   0x0000049c   Code   RO         1685    .text               udp.o
    0x0801487c   0x00000530   Code   RO         1715    .text               mem.o
    0x08014dac   0x0000000c   Code   RO         1732    .text               sys_arch.o
    0x08014db8   0x000001c8   Code   RO         1804    .text               malloc.o
    0x08014f80   0x00000002   Code   RO         1838    .text               c_w.l(use_no_semi_2.o)
    0x08014f82   0x00000002   PAD
    0x08014f84   0x00000018   Code   RO         1844    .text               c_w.l(noretval__2printf.o)
    0x08014f9c   0x00000028   Code   RO         1846    .text               c_w.l(noretval__2sprintf.o)
    0x08014fc4   0x0000004e   Code   RO         1850    .text               c_w.l(_printf_pad.o)
    0x08015012   0x00000052   Code   RO         1852    .text               c_w.l(_printf_str.o)
    0x08015064   0x00000078   Code   RO         1854    .text               c_w.l(_printf_dec.o)
    0x080150dc   0x00000058   Code   RO         1859    .text               c_w.l(_printf_hex_int.o)
    0x08015134   0x00000188   Code   RO         1894    .text               c_w.l(__printf_flags_ss_wp.o)
    0x080152bc   0x00000014   Code   RO         1903    .text               c_w.l(strchr.o)
    0x080152d0   0x00000024   Code   RO         1905    .text               c_w.l(strstr.o)
    0x080152f4   0x00000058   Code   RO         1907    .text               c_w.l(memcmp.o)
    0x0801534c   0x0000003e   Code   RO         1909    .text               c_w.l(strlen.o)
    0x0801538a   0x00000096   Code   RO         1911    .text               c_w.l(strncmp.o)
    0x08015420   0x0000008a   Code   RO         1913    .text               c_w.l(rt_memcpy_v6.o)
    0x080154aa   0x00000064   Code   RO         1915    .text               c_w.l(rt_memcpy_w.o)
    0x0801550e   0x00000044   Code   RO         1917    .text               c_w.l(rt_memclr.o)
    0x08015552   0x0000004e   Code   RO         1919    .text               c_w.l(rt_memclr_w.o)
    0x080155a0   0x00000080   Code   RO         1921    .text               c_w.l(strcmpv7m.o)
    0x08015620   0x00000006   Code   RO         1923    .text               c_w.l(heapauxi.o)
    0x08015626   0x00000002   Code   RO         1955    .text               c_w.l(use_no_semi.o)
    0x08015628   0x000000b2   Code   RO         1958    .text               c_w.l(_printf_intcommon.o)
    0x080156da   0x00000002   PAD
    0x080156dc   0x00000030   Code   RO         1960    .text               c_w.l(_printf_char_common.o)
    0x0801570c   0x0000000a   Code   RO         1962    .text               c_w.l(_sputc.o)
    0x08015716   0x0000002c   Code   RO         1964    .text               c_w.l(_printf_char.o)
    0x08015742   0x00000002   PAD
    0x08015744   0x00000024   Code   RO         1966    .text               c_w.l(_printf_char_file.o)
    0x08015768   0x00000008   Code   RO         1993    .text               c_w.l(ferror.o)
    0x08015770   0x0000004a   Code   RO         1997    .text               c_w.l(sys_stackheap_outer.o)
    0x080157ba   0x0000000c   Code   RO         1999    .text               c_w.l(exit.o)
    0x080157c6   0x00000002   PAD
    0x080157c8   0x00000008   Code   RO         2007    .text               c_w.l(libspace.o)
    0x080157d0   0x0000000e   Code   RO         1887    i._is_digit         c_w.l(__printf_wp.o)
    0x080157de   0x00000002   PAD
    0x080157e0   0x00000150   Code   RO         1927    x$fpl$dadd          fz_wm.l(daddsub_clz.o)
    0x08015930   0x000002b0   Code   RO         1934    x$fpl$ddiv          fz_wm.l(ddiv.o)
    0x08015be0   0x0000005e   Code   RO         1937    x$fpl$dfix          fz_wm.l(dfix.o)
    0x08015c3e   0x00000002   PAD
    0x08015c40   0x0000005a   Code   RO         1941    x$fpl$dfixu         fz_wm.l(dfixu.o)
    0x08015c9a   0x00000026   Code   RO         1945    x$fpl$dfltu         fz_wm.l(dflt_clz.o)
    0x08015cc0   0x00000154   Code   RO         1951    x$fpl$dmul          fz_wm.l(dmul.o)
    0x08015e14   0x0000009c   Code   RO         1969    x$fpl$dnaninf       fz_wm.l(dnaninf.o)
    0x08015eb0   0x0000000c   Code   RO         1971    x$fpl$dretinf       fz_wm.l(dretinf.o)
    0x08015ebc   0x000001d4   Code   RO         1929    x$fpl$dsub          fz_wm.l(daddsub_clz.o)
    0x08016090   0x00000056   Code   RO         1953    x$fpl$f2d           fz_wm.l(f2d.o)
    0x080160e6   0x0000008c   Code   RO         1973    x$fpl$fnaninf       fz_wm.l(fnaninf.o)
    0x08016172   0x0000000a   Code   RO         2066    x$fpl$fpinit        fz_wm.l(fpinit.o)
    0x0801617c   0x00000000   Code   RO         1975    x$fpl$usenofp       fz_wm.l(usenofp.o)
    0x0801617c   0x000017c0   Data   RO          414    .constdata          lcd.o
    0x0801793c   0x0000001c   Data   RO          765    .constdata          stm32f4xx_fsmc.o
    0x08017958   0x00006133   Data   RO         1165    .constdata          fs.o
    0x0801da8b   0x0000b93b   Data   RO         1166    .constdata          fs.o
    0x080293c6   0x000005df   Data   RO         1167    .constdata          fs.o
    0x080299a5   0x0000150a   Data   RO         1168    .constdata          fs.o
    0x0802aeaf   0x00000c28   Data   RO         1169    .constdata          fs.o
    0x0802bad7   0x00000ea4   Data   RO         1170    .constdata          fs.o
    0x0802c97b   0x00000ea0   Data   RO         1171    .constdata          fs.o
    0x0802d81b   0x00000ea0   Data   RO         1172    .constdata          fs.o
    0x0802e6bb   0x00000ea1   Data   RO         1173    .constdata          fs.o
    0x0802f55c   0x00000bfd   Data   RO         1174    .constdata          fs.o
    0x08030159   0x00000003   PAD
    0x0803015c   0x00000014   Data   RO         1175    .constdata          fs.o
    0x08030170   0x00000014   Data   RO         1176    .constdata          fs.o
    0x08030184   0x00000014   Data   RO         1177    .constdata          fs.o
    0x08030198   0x00000014   Data   RO         1178    .constdata          fs.o
    0x080301ac   0x00000014   Data   RO         1179    .constdata          fs.o
    0x080301c0   0x00000014   Data   RO         1180    .constdata          fs.o
    0x080301d4   0x00000014   Data   RO         1181    .constdata          fs.o
    0x080301e8   0x00000014   Data   RO         1182    .constdata          fs.o
    0x080301fc   0x00000014   Data   RO         1183    .constdata          fs.o
    0x08030210   0x00000014   Data   RO         1184    .constdata          fs.o
    0x08030224   0x00000030   Data   RO         1211    .constdata          httpd.o
    0x08030254   0x00000010   Data   RO         1239    .constdata          httpd_cgi_ssi.o
    0x08030264   0x0000000c   Data   RO         1262    .constdata          etharp.o
    0x08030270   0x00000004   Data   RO         1423    .constdata          ip_addr.o
    0x08030274   0x00000004   Data   RO         1424    .constdata          ip_addr.o
    0x08030278   0x00000028   Data   RO         1530    .constdata          memp.o
    0x080302a0   0x00000054   Data   RO         1611    .constdata          tcp.o
    0x080302f4   0x00000024   Data   RO         1811    .constdata          malloc.o
    0x08030318   0x00000028   Data   RO         1860    .constdata          c_w.l(_printf_hex_int.o)
    0x08030340   0x00000011   Data   RO         1895    .constdata          c_w.l(__printf_flags_ss_wp.o)
    0x08030351   0x00000003   PAD
    0x08030354   0x00000028   Data   RO          921    .conststring        usmart.o
    0x0803037c   0x0000025f   Data   RO          945    .conststring        usmart_config.o
    0x080305db   0x00000001   PAD
    0x080305dc   0x0000002a   Data   RO         1055    .conststring        tcp_client_demo.o
    0x08030606   0x00000002   PAD
    0x08030608   0x0000002a   Data   RO         1097    .conststring        tcp_server_demo.o
    0x08030632   0x00000002   PAD
    0x08030634   0x00000028   Data   RO         1123    .conststring        udp_demo.o
    0x0803065c   0x0000006a   Data   RO         1212    .conststring        httpd.o
    0x080306c6   0x00000002   PAD
    0x080306c8   0x00000026   Data   RO         1240    .conststring        httpd_cgi_ssi.o
    0x080306ee   0x00000002   PAD
    0x080306f0   0x00000044   Data   RO         1263    .conststring        etharp.o
    0x08030734   0x0000008c   Data   RO         1477    .conststring        dhcp.o
    0x080307c0   0x00000075   Data   RO         1612    .conststring        tcp.o
    0x08030835   0x00000003   PAD
    0x08030838   0x00000055   Data   RO         1659    .conststring        tcp_out.o
    0x0803088d   0x00000003   PAD
    0x08030890   0x00000020   Data   RO         2129    Region$$Table       anon$$obj.o


    Execution Region RW_IRAM1 (Base: 0x20000000, Size: 0x0001bc18, Max: 0x00020000, ABSOLUTE, COMPRESSED[0x00000100])

    Base Addr    Size         Type   Attr      Idx    E Section Name        Object

    0x20000000   0x00000014   Data   RW          321    .data               system_stm32f4xx.o
    0x20000014   0x00000001   Data   RW          347    .data               key.o
    0x20000015   0x00000001   PAD
    0x20000016   0x00000004   Data   RW          415    .data               lcd.o
    0x2000001a   0x00000002   PAD
    0x2000001c   0x00000010   Data   RW          452    .data               lan8720.o
    0x2000002c   0x00000004   Data   RW          562    .data               rtc.o
    0x20000030   0x00000010   Data   RW          633    .data               stm32f4xx_rcc.o
    0x20000040   0x0000000c   Data   RW          717    .data               stm32f4x7_eth.o
    0x2000004c   0x00000004   Data   RW          849    .data               delay.o
    0x20000050   0x00000002   Data   RW          890    .data               usart.o
    0x20000052   0x00000002   PAD
    0x20000054   0x00000004   Data   RW          891    .data               usart.o
    0x20000058   0x0000001c   Data   RW          922    .data               usmart.o
    0x20000074   0x00000070   Data   RW          946    .data               usmart_config.o
    0x200000e4   0x000000f4   Data   RW          947    .data               usmart_config.o
    0x200001d8   0x00000014   Data   RW          990    .data               lwip_comm.o
    0x200001ec   0x00000008   Data   RW         1056    .data               tcp_client_demo.o
    0x200001f4   0x00000008   Data   RW         1098    .data               tcp_server_demo.o
    0x200001fc   0x00000008   Data   RW         1124    .data               udp_demo.o
    0x20000204   0x00000024   Data   RW         1213    .data               httpd.o
    0x20000228   0x00000010   Data   RW         1241    .data               httpd_cgi_ssi.o
    0x20000238   0x00000001   Data   RW         1264    .data               etharp.o
    0x20000239   0x00000003   PAD
    0x2000023c   0x00000014   Data   RW         1392    .data               ip.o
    0x20000250   0x00000008   Data   RW         1446    .data               ip_frag.o
    0x20000258   0x00000004   Data   RW         1478    .data               dhcp.o
    0x2000025c   0x00000004   Data   RW         1531    .data               memp.o
    0x20000260   0x0000000c   Data   RW         1555    .data               netif.o
    0x2000026c   0x00000004   Data   RW         1591    .data               raw.o
    0x20000270   0x00000024   Data   RW         1613    .data               tcp.o
    0x20000294   0x0000001c   Data   RW         1637    .data               tcp_in.o
    0x200002b0   0x0000000c   Data   RW         1672    .data               timers.o
    0x200002bc   0x00000008   Data   RW         1686    .data               udp.o
    0x200002c4   0x00000010   Data   RW         1716    .data               mem.o
    0x200002d4   0x00000024   Data   RW         1812    .data               malloc.o
    0x200002f8   0x0000000e   Zero   RW          413    .bss                lcd.o
    0x20000306   0x00000002   PAD
    0x20000308   0x0000000c   Zero   RW          716    .bss                stm32f4x7_eth.o
    0x20000314   0x000000c8   Zero   RW          889    .bss                usart.o
    0x200003dc   0x0000004c   Zero   RW          989    .bss                lwip_comm.o
    0x20000428   0x000000c8   Zero   RW         1054    .bss                tcp_client_demo.o
    0x200004f0   0x000000c8   Zero   RW         1096    .bss                tcp_server_demo.o
    0x200005b8   0x000000c8   Zero   RW         1122    .bss                udp_demo.o
    0x20000680   0x000000f0   Zero   RW         1164    .bss                fs.o
    0x20000770   0x00000400   Zero   RW         1210    .bss                httpd.o
    0x20000b70   0x000000c8   Zero   RW         1261    .bss                etharp.o
    0x20000c38   0x00000010   Zero   RW         1422    .bss                ip_addr.o
    0x20000c48   0x00000032   Zero   RW         1476    .bss                dhcp.o
    0x20000c7a   0x00000002   PAD
    0x20000c7c   0x00000028   Zero   RW         1529    .bss                memp.o
    0x20000ca4   0x00000010   Zero   RW         1636    .bss                tcp_in.o
    0x20000cb4   0x00019000   Zero   RW         1809    .bss                malloc.o
    0x20019cb4   0x00001900   Zero   RW         1810    .bss                malloc.o
    0x2001b5b4   0x00000060   Zero   RW         2008    .bss                c_w.l(libspace.o)
    0x2001b614   0x00000004   PAD
    0x2001b618   0x00000200   Zero   RW          584    HEAP                startup_stm32f40_41xxx.o
    0x2001b818   0x00000400   Zero   RW          583    STACK               startup_stm32f40_41xxx.o



  Load Region LR$$.ARM.__AT_0x10000000 (Base: 0x10000000, Size: 0x00000000, Max: 0x0000f000, ABSOLUTE)

    Execution Region ER$$.ARM.__AT_0x10000000 (Base: 0x10000000, Size: 0x0000f000, Max: 0x0000f000, ABSOLUTE, UNINIT)

    Base Addr    Size         Type   Attr      Idx    E Section Name        Object

    0x10000000   0x0000f000   Zero   RW         1805    .ARM.__AT_0x10000000  malloc.o



  Load Region LR$$.ARM.__AT_0x1000F000 (Base: 0x1000f000, Size: 0x00000000, Max: 0x00000f00, ABSOLUTE)

    Execution Region ER$$.ARM.__AT_0x1000F000 (Base: 0x1000f000, Size: 0x00000f00, Max: 0x00000f00, ABSOLUTE, UNINIT)

    Base Addr    Size         Type   Attr      Idx    E Section Name        Object

    0x1000f000   0x00000f00   Zero   RW         1806    .ARM.__AT_0x1000F000  malloc.o



  Load Region LR$$.ARM.__AT_0x68000000 (Base: 0x68000000, Size: 0x00000000, Max: 0x00032000, ABSOLUTE)

    Execution Region ER$$.ARM.__AT_0x68000000 (Base: 0x68000000, Size: 0x00032000, Max: 0x00032000, ABSOLUTE, UNINIT)

    Base Addr    Size         Type   Attr      Idx    E Section Name        Object

    0x68000000   0x00032000   Zero   RW         1807    .ARM.__AT_0x68000000  malloc.o



  Load Region LR$$.ARM.__AT_0x68032000 (Base: 0x68032000, Size: 0x00000000, Max: 0x00003200, ABSOLUTE)

    Execution Region ER$$.ARM.__AT_0x68032000 (Base: 0x68032000, Size: 0x00003200, Max: 0x00003200, ABSOLUTE, UNINIT)

    Base Addr    Size         Type   Attr      Idx    E Section Name        Object

    0x68032000   0x00003200   Zero   RW         1808    .ARM.__AT_0x68032000  malloc.o


==============================================================================

Image component sizes


      Code (inc. data)   RO Data    RW Data    ZI Data      Debug   Object Name

       212         10          0          0          0       1091   adc.o
        64          6          0          0          0        552   beep.o
        16          0          0          0          0       1380   def.o
       184          4          0          4          0       1341   delay.o
      5348       1064        140          4         50      11654   dhcp.o
      2720        590         80          1        200       8501   etharp.o
       476        132          0          0          0       4578   ethernetif.o
       216         10     100553          0        240       5729   fs.o
      3624        750        154         36       1024       9986   httpd.o
      1088        204         54         16          0       4192   httpd_cgi_ssi.o
       816        374          0          0          0       2066   icmp.o
         0          0          0          0          0       3836   inet.o
       588        104          0          0          0       2597   inet_chksum.o
        30          0          0          0          0        548   init.o
       860        158          0         20          0       6587   ip.o
       596        112          8          0         16       8991   ip_addr.o
      2092        464          0          8          0       6028   ip_frag.o
       212         22          0          1          0        912   key.o
       748         40          0         16          0       3629   lan8720.o
     17852        114       6080          4         14      21068   lcd.o
        64          6          0          0          0        547   led.o
      1104        444          0         20         76      18483   lwip_comm.o
      1028        352          0          0          0     374423   main.o
       456         10         36         36     391680       4325   malloc.o
      1328        504          0         16          0       3574   mem.o
       380        192         40          4         40       2864   memp.o
       176         12          0          0          0       1917   misc.o
       620        116          0         12          0       5943   netif.o
      3354       1232          0          0          0       7351   pbuf.o
       504        132          0          4          0       3009   raw.o
       552         20          0          4          0       2882   rtc.o
       736         22          0          0          0       1832   sram.o
        64         26        392          0       1536        840   startup_stm32f40_41xxx.o
      2744         86          0         12         12      18184   stm32f4x7_eth.o
       852         20          0          0          0       9234   stm32f4xx_adc.o
       224         10          0          0          0       2315   stm32f4xx_exti.o
      1096         10         28          0          0       5494   stm32f4xx_fsmc.o
       524         44          0          0          0       3889   stm32f4xx_gpio.o
        18          0          0          0          0       1218   stm32f4xx_it.o
       296         12          0          0          0       3439   stm32f4xx_pwr.o
      1152         48          0         16          0      11708   stm32f4xx_rcc.o
      2636         48          0          0          0      13970   stm32f4xx_rtc.o
       124         16          0          0          0       1793   stm32f4xx_syscfg.o
      2524         52          0          0          0      18398   stm32f4xx_tim.o
       856         32          0          0          0       6876   stm32f4xx_usart.o
        12          6          0          0          0        486   sys_arch.o
       380         36          0         20          0       1843   system_stm32f4xx.o
      4080        994        201         36          0      20049   tcp.o
      1884        408         42          8        200       8415   tcp_client_demo.o
      4380        810          0         28         16      14239   tcp_in.o
      3936        862         85          0          0       7395   tcp_out.o
      1620        334         42          8        200       4338   tcp_server_demo.o
       328         48          0          0          0       1698   temperature.o
       132          8          0          0          0        788   timer.o
       652        182          0         12          0       2691   timers.o
      1180        192          0          8          0      13307   udp.o
      1320        290         40          8        200       5231   udp_demo.o
       284         16          0          6        200       3278   usart.o
      2836       1292         40         28          0       4364   usmart.o
         0          0        607        356          0       1556   usmart_config.o
      1056         12          0          0          0       4719   usmart_str.o

    ----------------------------------------------------------------------
     85240      13094     108672        760     395708     724171   Object Totals
         0          0         32          0          0          0   (incl. Generated)
         6          0         18          8          4          0   (incl. Padding)

    ----------------------------------------------------------------------

      Code (inc. data)   RO Data    RW Data    ZI Data      Debug   Library Member Name

        90          0          0          0          0          0   __dczerorl2.o
         8          0          0          0          0         68   __main.o
       392          4         17          0          0         92   __printf_flags_ss_wp.o
        14          0          0          0          0         68   __printf_wp.o
         0          0          0          0          0          0   __rtentry.o
        12          0          0          0          0          0   __rtentry2.o
         6          0          0          0          0          0   __rtentry4.o
        52          8          0          0          0          0   __scatter.o
        28          0          0          0          0          0   __scatter_zi.o
         6          0          0          0          0          0   _printf_c.o
        44          0          0          0          0        108   _printf_char.o
        48          6          0          0          0         96   _printf_char_common.o
        36          4          0          0          0         80   _printf_char_file.o
         6          0          0          0          0          0   _printf_d.o
       120         16          0          0          0         92   _printf_dec.o
        88          4         40          0          0         88   _printf_hex_int.o
       178          0          0          0          0         88   _printf_intcommon.o
        78          0          0          0          0        108   _printf_pad.o
         0          0          0          0          0          0   _printf_percent.o
         4          0          0          0          0          0   _printf_percent_end.o
         6          0          0          0          0          0   _printf_s.o
        82          0          0          0          0         80   _printf_str.o
         6          0          0          0          0          0   _printf_u.o
         6          0          0          0          0          0   _printf_x.o
        10          0          0          0          0         68   _sputc.o
        12          0          0          0          0         72   exit.o
         8          0          0          0          0         68   ferror.o
         6          0          0          0          0        152   heapauxi.o
         2          0          0          0          0          0   libinit.o
         6          0          0          0          0          0   libinit2.o
         2          0          0          0          0          0   libshutdown.o
         2          0          0          0          0          0   libshutdown2.o
         8          4          0          0         96         68   libspace.o
        88          0          0          0          0         76   memcmp.o
        24          4          0          0          0         84   noretval__2printf.o
        40          6          0          0          0         84   noretval__2sprintf.o
        68          0          0          0          0         68   rt_memclr.o
        78          0          0          0          0         80   rt_memclr_w.o
       138          0          0          0          0         68   rt_memcpy_v6.o
       100          0          0          0          0         80   rt_memcpy_w.o
         2          0          0          0          0          0   rtexit.o
        10          0          0          0          0          0   rtexit2.o
        20          0          0          0          0         68   strchr.o
       128          0          0          0          0         68   strcmpv7m.o
        62          0          0          0          0         76   strlen.o
       150          0          0          0          0         80   strncmp.o
        36          0          0          0          0         80   strstr.o
        74          0          0          0          0         80   sys_stackheap_outer.o
         2          0          0          0          0         68   use_no_semi.o
         2          0          0          0          0         68   use_no_semi_2.o
       804         16          0          0          0        368   daddsub_clz.o
       688        140          0          0          0        256   ddiv.o
        94          4          0          0          0        140   dfix.o
        90          4          0          0          0        140   dfixu.o
        38          0          0          0          0        116   dflt_clz.o
       340         12          0          0          0        152   dmul.o
       156          4          0          0          0        140   dnaninf.o
        12          0          0          0          0        116   dretinf.o
        86          4          0          0          0        132   f2d.o
       140          4          0          0          0        132   fnaninf.o
        10          0          0          0          0        116   fpinit.o
         0          0          0          0          0          0   usenofp.o

    ----------------------------------------------------------------------
      4860        244         60          0        100       4332   Library Totals
        14          0          3          0          4          0   (incl. Padding)

    ----------------------------------------------------------------------

      Code (inc. data)   RO Data    RW Data    ZI Data      Debug   Library Name

      2388         56         57          0         96       2524   c_w.l
      2458        188          0          0          0       1808   fz_wm.l

    ----------------------------------------------------------------------
      4860        244         60          0        100       4332   Library Totals

    ----------------------------------------------------------------------

==============================================================================


      Code (inc. data)   RO Data    RW Data    ZI Data      Debug   

     90100      13338     108732        760     395808     712499   Grand Totals
     90100      13338     108732        256     395808     712499   ELF Image Totals (compressed)
     90100      13338     108732        256          0          0   ROM Totals

==============================================================================

    Total RO  Size (Code + RO Data)               198832 ( 194.17kB)
    Total RW  Size (RW Data + ZI Data)            396568 ( 387.27kB)
    Total ROM Size (Code + RO Data + RW Data)     199088 ( 194.42kB)

==============================================================================

